[2021-12-01T11:05:36.093-0100][0.007s] Using G1
[2021-12-01T11:05:36.283-0100][0.198s] Version: 15.0.1+9-18 (release)
[2021-12-01T11:05:36.283-0100][0.198s] CPUs: 12 total, 12 available
[2021-12-01T11:05:36.283-0100][0.198s] Memory: 16384M
[2021-12-01T11:05:36.283-0100][0.198s] Large Page Support: Disabled
[2021-12-01T11:05:36.283-0100][0.198s] NUMA Support: Disabled
[2021-12-01T11:05:36.283-0100][0.198s] Compressed Oops: Enabled (Zero based)
[2021-12-01T11:05:36.283-0100][0.198s] Heap Region Size: 1M
[2021-12-01T11:05:36.283-0100][0.198s] Heap Min Capacity: 512M
[2021-12-01T11:05:36.283-0100][0.198s] Heap Initial Capacity: 512M
[2021-12-01T11:05:36.283-0100][0.198s] Heap Max Capacity: 512M
[2021-12-01T11:05:36.283-0100][0.198s] Pre-touch: Enabled
[2021-12-01T11:05:36.283-0100][0.198s] Parallel Workers: 10
[2021-12-01T11:05:36.283-0100][0.198s] Concurrent Workers: 3
[2021-12-01T11:05:36.283-0100][0.198s] Concurrent Refinement Workers: 10
[2021-12-01T11:05:36.283-0100][0.198s] Periodic GC: Disabled
[2021-12-01T11:05:36.284-0100][0.198s] Mark closed archive regions in map: [0x00000007fff00000, 0x00000007fff78ff8]
[2021-12-01T11:05:36.284-0100][0.198s] Mark open archive regions in map: [0x00000007ffe00000, 0x00000007ffe50ff8]
[2021-12-01T11:05:36.284-0100][0.199s] CDS archive(s) mapped at: [0x0000000800000000-0x0000000800b2c000-0x0000000800b2c000), size 11714560, SharedBaseAddress: 0x0000000800000000, ArchiveRelocationMode: 0.
[2021-12-01T11:05:36.284-0100][0.199s] Compressed class space mapped at: 0x0000000800b2c000-0x0000000840b2c000, size: 1073741824
[2021-12-01T11:05:36.284-0100][0.199s] Narrow klass base: 0x0000000800000000, Narrow klass shift: 3, Narrow klass range: 0x100000000
[2021-12-01T11:05:36.686-0100][0.600s] GC(0) Pause Young (Normal) (G1 Evacuation Pause)
[2021-12-01T11:05:36.686-0100][0.601s] GC(0) Using 10 workers of 10 for evacuation
[2021-12-01T11:05:36.689-0100][0.603s] GC(0)   Pre Evacuate Collection Set: 0.1ms
[2021-12-01T11:05:36.689-0100][0.603s] GC(0)   Merge Heap Roots: 0.0ms
[2021-12-01T11:05:36.689-0100][0.603s] GC(0)   Evacuate Collection Set: 1.8ms
[2021-12-01T11:05:36.689-0100][0.603s] GC(0)   Post Evacuate Collection Set: 0.3ms
[2021-12-01T11:05:36.689-0100][0.603s] GC(0)   Other: 0.6ms
[2021-12-01T11:05:36.689-0100][0.603s] GC(0) Eden regions: 29->0(53)
[2021-12-01T11:05:36.689-0100][0.603s] GC(0) Survivor regions: 0->4(4)
[2021-12-01T11:05:36.689-0100][0.603s] GC(0) Old regions: 0->0
[2021-12-01T11:05:36.689-0100][0.603s] GC(0) Archive regions: 2->2
[2021-12-01T11:05:36.689-0100][0.603s] GC(0) Humongous regions: 0->0
[2021-12-01T11:05:36.689-0100][0.603s] GC(0) Metaspace: 8623K(9088K)->8623K(9088K) NonClass: 7627K(7936K)->7627K(7936K) Class: 995K(1152K)->995K(1152K)
[2021-12-01T11:05:36.689-0100][0.603s] GC(0) Pause Young (Normal) (G1 Evacuation Pause) 29M->4M(512M) 2.991ms
[2021-12-01T11:05:36.689-0100][0.603s] GC(0) User=0.02s Sys=0.01s Real=0.00s
[2021-12-01T11:05:37.128-0100][1.043s] GC(1) Pause Young (Normal) (G1 Evacuation Pause)
[2021-12-01T11:05:37.129-0100][1.043s] GC(1) Using 10 workers of 10 for evacuation
[2021-12-01T11:05:37.135-0100][1.049s] GC(1)   Pre Evacuate Collection Set: 0.1ms
[2021-12-01T11:05:37.135-0100][1.049s] GC(1)   Merge Heap Roots: 0.1ms
[2021-12-01T11:05:37.135-0100][1.049s] GC(1)   Evacuate Collection Set: 5.6ms
[2021-12-01T11:05:37.135-0100][1.049s] GC(1)   Post Evacuate Collection Set: 0.5ms
[2021-12-01T11:05:37.135-0100][1.049s] GC(1)   Other: 0.1ms
[2021-12-01T11:05:37.135-0100][1.049s] GC(1) Eden regions: 53->0(100)
[2021-12-01T11:05:37.135-0100][1.049s] GC(1) Survivor regions: 4->8(8)
[2021-12-01T11:05:37.135-0100][1.049s] GC(1) Old regions: 0->11
[2021-12-01T11:05:37.135-0100][1.049s] GC(1) Archive regions: 2->2
[2021-12-01T11:05:37.135-0100][1.049s] GC(1) Humongous regions: 4->4
[2021-12-01T11:05:37.135-0100][1.049s] GC(1) Metaspace: 16569K(17280K)->16569K(17280K) NonClass: 14649K(15104K)->14649K(15104K) Class: 1920K(2176K)->1920K(2176K)
[2021-12-01T11:05:37.135-0100][1.049s] GC(1) Pause Young (Normal) (G1 Evacuation Pause) 61M->23M(512M) 6.481ms
[2021-12-01T11:05:37.135-0100][1.049s] GC(1) User=0.05s Sys=0.01s Real=0.01s
[2021-12-01T11:05:37.251-0100][1.165s] GC(2) Pause Young (Concurrent Start) (Metadata GC Threshold)
[2021-12-01T11:05:37.251-0100][1.165s] GC(2) Using 10 workers of 10 for evacuation
[2021-12-01T11:05:37.255-0100][1.169s] GC(2)   Pre Evacuate Collection Set: 0.1ms
[2021-12-01T11:05:37.255-0100][1.169s] GC(2)   Merge Heap Roots: 0.1ms
[2021-12-01T11:05:37.255-0100][1.169s] GC(2)   Evacuate Collection Set: 3.4ms
[2021-12-01T11:05:37.255-0100][1.169s] GC(2)   Post Evacuate Collection Set: 0.3ms
[2021-12-01T11:05:37.255-0100][1.169s] GC(2)   Other: 0.2ms
[2021-12-01T11:05:37.255-0100][1.169s] GC(2) Eden regions: 22->0(225)
[2021-12-01T11:05:37.255-0100][1.169s] GC(2) Survivor regions: 8->1(11)
[2021-12-01T11:05:37.255-0100][1.169s] GC(2) Old regions: 11->19
[2021-12-01T11:05:37.255-0100][1.169s] GC(2) Archive regions: 2->2
[2021-12-01T11:05:37.255-0100][1.169s] GC(2) Humongous regions: 4->4
[2021-12-01T11:05:37.255-0100][1.169s] GC(2) Metaspace: 20393K(21248K)->20393K(21248K) NonClass: 18094K(18688K)->18094K(18688K) Class: 2298K(2560K)->2298K(2560K)
[2021-12-01T11:05:37.255-0100][1.169s] GC(2) Pause Young (Concurrent Start) (Metadata GC Threshold) 45M->24M(512M) 4.186ms
[2021-12-01T11:05:37.255-0100][1.169s] GC(2) User=0.05s Sys=0.01s Real=0.00s
[2021-12-01T11:05:37.255-0100][1.170s] GC(3) Concurrent Cycle
[2021-12-01T11:05:37.255-0100][1.170s] GC(3) Concurrent Clear Claimed Marks
[2021-12-01T11:05:37.255-0100][1.170s] GC(3) Concurrent Clear Claimed Marks 0.017ms
[2021-12-01T11:05:37.255-0100][1.170s] GC(3) Concurrent Scan Root Regions
[2021-12-01T11:05:37.257-0100][1.171s] GC(3) Concurrent Scan Root Regions 1.263ms
[2021-12-01T11:05:37.257-0100][1.171s] GC(3) Concurrent Mark (1.171s)
[2021-12-01T11:05:37.257-0100][1.171s] GC(3) Concurrent Mark From Roots
[2021-12-01T11:05:37.257-0100][1.171s] GC(3) Using 3 workers of 3 for marking
[2021-12-01T11:05:37.262-0100][1.176s] GC(3) Concurrent Mark From Roots 5.001ms
[2021-12-01T11:05:37.262-0100][1.176s] GC(3) Concurrent Preclean
[2021-12-01T11:05:37.262-0100][1.176s] GC(3) Concurrent Preclean 0.088ms
[2021-12-01T11:05:37.262-0100][1.176s] GC(3) Concurrent Mark (1.171s, 1.176s) 5.146ms
[2021-12-01T11:05:37.262-0100][1.176s] GC(3) Pause Remark
[2021-12-01T11:05:37.263-0100][1.177s] GC(3) Pause Remark 26M->26M(512M) 0.914ms
[2021-12-01T11:05:37.263-0100][1.177s] GC(3) User=0.01s Sys=0.00s Real=0.00s
[2021-12-01T11:05:37.263-0100][1.177s] GC(3) Concurrent Rebuild Remembered Sets
[2021-12-01T11:05:37.267-0100][1.182s] GC(3) Concurrent Rebuild Remembered Sets 4.191ms
[2021-12-01T11:05:37.267-0100][1.182s] GC(3) Pause Cleanup
[2021-12-01T11:05:37.268-0100][1.182s] GC(3) Pause Cleanup 26M->26M(512M) 0.107ms
[2021-12-01T11:05:37.268-0100][1.182s] GC(3) User=0.00s Sys=0.00s Real=0.00s
[2021-12-01T11:05:37.268-0100][1.182s] GC(3) Concurrent Cleanup for Next Mark
[2021-12-01T11:05:37.268-0100][1.183s] GC(3) Concurrent Cleanup for Next Mark 0.682ms
[2021-12-01T11:05:37.268-0100][1.183s] GC(3) Concurrent Cycle 13.217ms
[2021-12-01T11:05:41.160-0100][5.074s] GC(4) Pause Young (Concurrent Start) (Metadata GC Threshold)
[2021-12-01T11:05:41.160-0100][5.074s] GC(4) Using 10 workers of 10 for evacuation
[2021-12-01T11:05:41.164-0100][5.079s] GC(4)   Pre Evacuate Collection Set: 0.1ms
[2021-12-01T11:05:41.164-0100][5.079s] GC(4)   Merge Heap Roots: 0.1ms
[2021-12-01T11:05:41.164-0100][5.079s] GC(4)   Evacuate Collection Set: 3.4ms
[2021-12-01T11:05:41.164-0100][5.079s] GC(4)   Post Evacuate Collection Set: 0.6ms
[2021-12-01T11:05:41.164-0100][5.079s] GC(4)   Other: 0.2ms
[2021-12-01T11:05:41.164-0100][5.079s] GC(4) Eden regions: 78->0(301)
[2021-12-01T11:05:41.164-0100][5.079s] GC(4) Survivor regions: 1->6(29)
[2021-12-01T11:05:41.164-0100][5.079s] GC(4) Old regions: 19->19
[2021-12-01T11:05:41.164-0100][5.079s] GC(4) Archive regions: 2->2
[2021-12-01T11:05:41.164-0100][5.079s] GC(4) Humongous regions: 4->4
[2021-12-01T11:05:41.164-0100][5.079s] GC(4) Metaspace: 34677K(35840K)->34677K(35840K) NonClass: 30670K(31616K)->30670K(31616K) Class: 4006K(4224K)->4006K(4224K)
[2021-12-01T11:05:41.165-0100][5.079s] GC(4) Pause Young (Concurrent Start) (Metadata GC Threshold) 101M->29M(512M) 4.548ms
[2021-12-01T11:05:41.165-0100][5.079s] GC(4) User=0.03s Sys=0.00s Real=0.00s
[2021-12-01T11:05:41.165-0100][5.079s] GC(5) Concurrent Cycle
[2021-12-01T11:05:41.165-0100][5.079s] GC(5) Concurrent Clear Claimed Marks
[2021-12-01T11:05:41.165-0100][5.079s] GC(5) Concurrent Clear Claimed Marks 0.019ms
[2021-12-01T11:05:41.165-0100][5.079s] GC(5) Concurrent Scan Root Regions
[2021-12-01T11:05:41.167-0100][5.081s] GC(5) Concurrent Scan Root Regions 2.066ms
[2021-12-01T11:05:41.167-0100][5.081s] GC(5) Concurrent Mark (5.081s)
[2021-12-01T11:05:41.167-0100][5.081s] GC(5) Concurrent Mark From Roots
[2021-12-01T11:05:41.167-0100][5.081s] GC(5) Using 3 workers of 3 for marking
[2021-12-01T11:05:41.175-0100][5.089s] GC(5) Concurrent Mark From Roots 8.237ms
[2021-12-01T11:05:41.175-0100][5.089s] GC(5) Concurrent Preclean
[2021-12-01T11:05:41.175-0100][5.089s] GC(5) Concurrent Preclean 0.098ms
[2021-12-01T11:05:41.175-0100][5.089s] GC(5) Concurrent Mark (5.081s, 5.089s) 8.390ms
[2021-12-01T11:05:41.175-0100][5.090s] GC(5) Pause Remark
[2021-12-01T11:05:41.176-0100][5.091s] GC(5) Pause Remark 32M->32M(512M) 1.083ms
[2021-12-01T11:05:41.176-0100][5.091s] GC(5) User=0.00s Sys=0.00s Real=0.00s
[2021-12-01T11:05:41.176-0100][5.091s] GC(5) Concurrent Rebuild Remembered Sets
[2021-12-01T11:05:41.182-0100][5.096s] GC(5) Concurrent Rebuild Remembered Sets 5.350ms
[2021-12-01T11:05:41.182-0100][5.096s] GC(5) Pause Cleanup
[2021-12-01T11:05:41.182-0100][5.096s] GC(5) Pause Cleanup 32M->32M(512M) 0.105ms
[2021-12-01T11:05:41.182-0100][5.096s] GC(5) User=0.00s Sys=0.00s Real=0.00s
[2021-12-01T11:05:41.182-0100][5.097s] GC(5) Concurrent Cleanup for Next Mark
[2021-12-01T11:05:41.183-0100][5.097s] GC(5) Concurrent Cleanup for Next Mark 0.957ms
[2021-12-01T11:05:41.183-0100][5.098s] GC(5) Concurrent Cycle 18.671ms
[2021-12-01T15:45:30.762-0100][16623.256s] GC(6) Pause Young (Normal) (G1 Evacuation Pause)
[2021-12-01T15:45:30.763-0100][16623.257s] GC(6) Using 10 workers of 10 for evacuation
[2021-12-01T15:45:30.770-0100][16623.264s] GC(6)   Pre Evacuate Collection Set: 0.1ms
[2021-12-01T15:45:30.770-0100][16623.264s] GC(6)   Merge Heap Roots: 0.1ms
[2021-12-01T15:45:30.770-0100][16623.264s] GC(6)   Evacuate Collection Set: 6.0ms
[2021-12-01T15:45:30.770-0100][16623.264s] GC(6)   Post Evacuate Collection Set: 1.0ms
[2021-12-01T15:45:30.770-0100][16623.264s] GC(6)   Other: 1.2ms
[2021-12-01T15:45:30.770-0100][16623.264s] GC(6) Eden regions: 301->0(291)
[2021-12-01T15:45:30.770-0100][16623.264s] GC(6) Survivor regions: 6->16(39)
[2021-12-01T15:45:30.770-0100][16623.264s] GC(6) Old regions: 19->19
[2021-12-01T15:45:30.770-0100][16623.264s] GC(6) Archive regions: 2->2
[2021-12-01T15:45:30.770-0100][16623.264s] GC(6) Humongous regions: 8->7
[2021-12-01T15:45:30.770-0100][16623.264s] GC(6) Metaspace: 53526K(55296K)->53526K(55296K) NonClass: 47369K(48896K)->47369K(48896K) Class: 6156K(6400K)->6156K(6400K)
[2021-12-01T15:45:30.771-0100][16623.264s] GC(6) Pause Young (Normal) (G1 Evacuation Pause) 334M->42M(512M) 8.679ms
[2021-12-01T15:45:30.771-0100][16623.264s] GC(6) User=0.06s Sys=0.00s Real=0.01s
[2021-12-02T14:26:22.075-0100][61627.704s] GC(7) Pause Young (Normal) (G1 Evacuation Pause)
[2021-12-02T14:26:22.076-0100][61627.705s] GC(7) Using 10 workers of 10 for evacuation
[2021-12-02T14:26:22.131-0100][61627.760s] GC(7)   Pre Evacuate Collection Set: 0.7ms
[2021-12-02T14:26:22.131-0100][61627.760s] GC(7)   Merge Heap Roots: 0.2ms
[2021-12-02T14:26:22.131-0100][61627.760s] GC(7)   Evacuate Collection Set: 52.1ms
[2021-12-02T14:26:22.131-0100][61627.760s] GC(7)   Post Evacuate Collection Set: 1.5ms
[2021-12-02T14:26:22.131-0100][61627.760s] GC(7)   Other: 1.9ms
[2021-12-02T14:26:22.131-0100][61627.760s] GC(7) Eden regions: 291->0(292)
[2021-12-02T14:26:22.131-0100][61627.760s] GC(7) Survivor regions: 16->15(39)
[2021-12-02T14:26:22.131-0100][61627.760s] GC(7) Old regions: 19->19
[2021-12-02T14:26:22.131-0100][61627.760s] GC(7) Archive regions: 2->2
[2021-12-02T14:26:22.131-0100][61627.760s] GC(7) Humongous regions: 7->7
[2021-12-02T14:26:22.131-0100][61627.760s] GC(7) Metaspace: 53661K(55296K)->53661K(55296K) NonClass: 47504K(48896K)->47504K(48896K) Class: 6157K(6400K)->6157K(6400K)
[2021-12-02T14:26:22.131-0100][61627.760s] GC(7) Pause Young (Normal) (G1 Evacuation Pause) 333M->41M(512M) 56.515ms
[2021-12-02T14:26:22.131-0100][61627.760s] GC(7) User=0.07s Sys=0.25s Real=0.06s
