[2021-12-01T11:03:28.595-0100][0.008s] Using G1
[2021-12-01T11:03:28.792-0100][0.204s] Version: 15.0.1+9-18 (release)
[2021-12-01T11:03:28.792-0100][0.204s] CPUs: 12 total, 12 available
[2021-12-01T11:03:28.792-0100][0.204s] Memory: 16384M
[2021-12-01T11:03:28.792-0100][0.204s] Large Page Support: Disabled
[2021-12-01T11:03:28.792-0100][0.204s] NUMA Support: Disabled
[2021-12-01T11:03:28.792-0100][0.204s] Compressed Oops: Enabled (Zero based)
[2021-12-01T11:03:28.792-0100][0.204s] Heap Region Size: 1M
[2021-12-01T11:03:28.792-0100][0.204s] Heap Min Capacity: 512M
[2021-12-01T11:03:28.792-0100][0.205s] Heap Initial Capacity: 512M
[2021-12-01T11:03:28.792-0100][0.205s] Heap Max Capacity: 512M
[2021-12-01T11:03:28.792-0100][0.205s] Pre-touch: Enabled
[2021-12-01T11:03:28.792-0100][0.205s] Parallel Workers: 10
[2021-12-01T11:03:28.792-0100][0.205s] Concurrent Workers: 3
[2021-12-01T11:03:28.792-0100][0.205s] Concurrent Refinement Workers: 10
[2021-12-01T11:03:28.792-0100][0.205s] Periodic GC: Disabled
[2021-12-01T11:03:28.793-0100][0.205s] Mark closed archive regions in map: [0x00000007fff00000, 0x00000007fff78ff8]
[2021-12-01T11:03:28.793-0100][0.205s] Mark open archive regions in map: [0x00000007ffe00000, 0x00000007ffe50ff8]
[2021-12-01T11:03:28.793-0100][0.205s] CDS archive(s) mapped at: [0x0000000800000000-0x0000000800b2c000-0x0000000800b2c000), size 11714560, SharedBaseAddress: 0x0000000800000000, ArchiveRelocationMode: 0.
[2021-12-01T11:03:28.793-0100][0.205s] Compressed class space mapped at: 0x0000000800b2c000-0x0000000840b2c000, size: 1073741824
[2021-12-01T11:03:28.793-0100][0.205s] Narrow klass base: 0x0000000800000000, Narrow klass shift: 3, Narrow klass range: 0x100000000
[2021-12-01T11:03:29.382-0100][0.794s] GC(0) Pause Young (Normal) (G1 Evacuation Pause)
[2021-12-01T11:03:29.382-0100][0.794s] GC(0) Using 10 workers of 10 for evacuation
[2021-12-01T11:03:29.385-0100][0.796s] GC(0)   Pre Evacuate Collection Set: 0.1ms
[2021-12-01T11:03:29.385-0100][0.796s] GC(0)   Merge Heap Roots: 0.0ms
[2021-12-01T11:03:29.385-0100][0.796s] GC(0)   Evacuate Collection Set: 1.6ms
[2021-12-01T11:03:29.385-0100][0.796s] GC(0)   Post Evacuate Collection Set: 0.3ms
[2021-12-01T11:03:29.385-0100][0.796s] GC(0)   Other: 0.5ms
[2021-12-01T11:03:29.385-0100][0.796s] GC(0) Eden regions: 29->0(53)
[2021-12-01T11:03:29.385-0100][0.796s] GC(0) Survivor regions: 0->4(4)
[2021-12-01T11:03:29.385-0100][0.796s] GC(0) Old regions: 0->0
[2021-12-01T11:03:29.385-0100][0.796s] GC(0) Archive regions: 2->2
[2021-12-01T11:03:29.385-0100][0.796s] GC(0) Humongous regions: 0->0
[2021-12-01T11:03:29.385-0100][0.796s] GC(0) Metaspace: 8722K(9088K)->8722K(9088K) NonClass: 7714K(7936K)->7714K(7936K) Class: 1007K(1152K)->1007K(1152K)
[2021-12-01T11:03:29.385-0100][0.796s] GC(0) Pause Young (Normal) (G1 Evacuation Pause) 29M->4M(512M) 2.686ms
[2021-12-01T11:03:29.385-0100][0.796s] GC(0) User=0.02s Sys=0.01s Real=0.00s
[2021-12-01T11:03:30.044-0100][1.455s] GC(1) Pause Young (Normal) (G1 Evacuation Pause)
[2021-12-01T11:03:30.044-0100][1.455s] GC(1) Using 10 workers of 10 for evacuation
[2021-12-01T11:03:30.051-0100][1.462s] GC(1)   Pre Evacuate Collection Set: 0.1ms
[2021-12-01T11:03:30.051-0100][1.462s] GC(1)   Merge Heap Roots: 0.0ms
[2021-12-01T11:03:30.051-0100][1.462s] GC(1)   Evacuate Collection Set: 6.0ms
[2021-12-01T11:03:30.051-0100][1.462s] GC(1)   Post Evacuate Collection Set: 0.4ms
[2021-12-01T11:03:30.051-0100][1.462s] GC(1)   Other: 0.1ms
[2021-12-01T11:03:30.051-0100][1.462s] GC(1) Eden regions: 53->0(102)
[2021-12-01T11:03:30.051-0100][1.462s] GC(1) Survivor regions: 4->8(8)
[2021-12-01T11:03:30.051-0100][1.462s] GC(1) Old regions: 0->11
[2021-12-01T11:03:30.051-0100][1.462s] GC(1) Archive regions: 2->2
[2021-12-01T11:03:30.051-0100][1.462s] GC(1) Humongous regions: 4->4
[2021-12-01T11:03:30.051-0100][1.462s] GC(1) Metaspace: 16627K(17280K)->16627K(17280K) NonClass: 14703K(15104K)->14703K(15104K) Class: 1923K(2176K)->1923K(2176K)
[2021-12-01T11:03:30.051-0100][1.462s] GC(1) Pause Young (Normal) (G1 Evacuation Pause) 61M->23M(512M) 6.804ms
[2021-12-01T11:03:30.051-0100][1.462s] GC(1) User=0.05s Sys=0.00s Real=0.01s
[2021-12-01T11:03:30.254-0100][1.665s] GC(2) Pause Young (Concurrent Start) (Metadata GC Threshold)
[2021-12-01T11:03:30.254-0100][1.665s] GC(2) Using 10 workers of 10 for evacuation
[2021-12-01T11:03:30.258-0100][1.669s] GC(2)   Pre Evacuate Collection Set: 0.1ms
[2021-12-01T11:03:30.258-0100][1.669s] GC(2)   Merge Heap Roots: 0.1ms
[2021-12-01T11:03:30.258-0100][1.669s] GC(2)   Evacuate Collection Set: 3.5ms
[2021-12-01T11:03:30.258-0100][1.669s] GC(2)   Post Evacuate Collection Set: 0.4ms
[2021-12-01T11:03:30.258-0100][1.669s] GC(2)   Other: 0.2ms
[2021-12-01T11:03:30.258-0100][1.669s] GC(2) Eden regions: 22->0(182)
[2021-12-01T11:03:30.258-0100][1.669s] GC(2) Survivor regions: 8->8(14)
[2021-12-01T11:03:30.258-0100][1.669s] GC(2) Old regions: 11->13
[2021-12-01T11:03:30.258-0100][1.669s] GC(2) Archive regions: 2->2
[2021-12-01T11:03:30.258-0100][1.669s] GC(2) Humongous regions: 4->4
[2021-12-01T11:03:30.258-0100][1.669s] GC(2) Metaspace: 20507K(21248K)->20507K(21248K) NonClass: 18200K(18688K)->18200K(18688K) Class: 2307K(2560K)->2307K(2560K)
[2021-12-01T11:03:30.258-0100][1.669s] GC(2) Pause Young (Concurrent Start) (Metadata GC Threshold) 45M->24M(512M) 4.325ms
[2021-12-01T11:03:30.258-0100][1.669s] GC(2) User=0.04s Sys=0.00s Real=0.00s
[2021-12-01T11:03:30.258-0100][1.669s] GC(3) Concurrent Cycle
[2021-12-01T11:03:30.258-0100][1.669s] GC(3) Concurrent Clear Claimed Marks
[2021-12-01T11:03:30.258-0100][1.669s] GC(3) Concurrent Clear Claimed Marks 0.018ms
[2021-12-01T11:03:30.258-0100][1.669s] GC(3) Concurrent Scan Root Regions
[2021-12-01T11:03:30.260-0100][1.671s] GC(3) Concurrent Scan Root Regions 1.259ms
[2021-12-01T11:03:30.260-0100][1.671s] GC(3) Concurrent Mark (1.671s)
[2021-12-01T11:03:30.260-0100][1.671s] GC(3) Concurrent Mark From Roots
[2021-12-01T11:03:30.260-0100][1.671s] GC(3) Using 3 workers of 3 for marking
[2021-12-01T11:03:30.266-0100][1.677s] GC(3) Concurrent Mark From Roots 5.784ms
[2021-12-01T11:03:30.272-0100][1.683s] GC(3) Concurrent Preclean
[2021-12-01T11:03:30.272-0100][1.683s] GC(3) Concurrent Preclean 0.150ms
[2021-12-01T11:03:30.272-0100][1.683s] GC(3) Concurrent Mark (1.671s, 1.683s) 12.001ms
[2021-12-01T11:03:30.272-0100][1.683s] GC(3) Pause Remark
[2021-12-01T11:03:30.273-0100][1.684s] GC(3) Pause Remark 26M->26M(512M) 0.957ms
[2021-12-01T11:03:30.273-0100][1.684s] GC(3) User=0.01s Sys=0.00s Real=0.00s
[2021-12-01T11:03:30.273-0100][1.684s] GC(3) Concurrent Rebuild Remembered Sets
[2021-12-01T11:03:30.277-0100][1.688s] GC(3) Concurrent Rebuild Remembered Sets 4.498ms
[2021-12-01T11:03:30.278-0100][1.689s] GC(3) Pause Cleanup
[2021-12-01T11:03:30.278-0100][1.689s] GC(3) Pause Cleanup 26M->26M(512M) 0.101ms
[2021-12-01T11:03:30.278-0100][1.689s] GC(3) User=0.00s Sys=0.00s Real=0.00s
[2021-12-01T11:03:30.278-0100][1.689s] GC(3) Concurrent Cleanup for Next Mark
[2021-12-01T11:03:30.279-0100][1.690s] GC(3) Concurrent Cleanup for Next Mark 0.817ms
[2021-12-01T11:03:30.279-0100][1.690s] GC(3) Concurrent Cycle 20.350ms
[2021-12-01T11:03:31.398-0100][2.808s] GC(4) Pause Young (Concurrent Start) (Metadata GC Threshold)
[2021-12-01T11:03:31.398-0100][2.808s] GC(4) Using 10 workers of 10 for evacuation
[2021-12-01T11:03:31.403-0100][2.813s] GC(4)   Pre Evacuate Collection Set: 0.1ms
[2021-12-01T11:03:31.403-0100][2.813s] GC(4)   Merge Heap Roots: 0.1ms
[2021-12-01T11:03:31.403-0100][2.813s] GC(4)   Evacuate Collection Set: 3.8ms
[2021-12-01T11:03:31.403-0100][2.813s] GC(4)   Post Evacuate Collection Set: 0.6ms
[2021-12-01T11:03:31.403-0100][2.813s] GC(4)   Other: 0.2ms
[2021-12-01T11:03:31.403-0100][2.813s] GC(4) Eden regions: 99->0(294)
[2021-12-01T11:03:31.403-0100][2.813s] GC(4) Survivor regions: 8->13(24)
[2021-12-01T11:03:31.403-0100][2.813s] GC(4) Old regions: 13->13
[2021-12-01T11:03:31.403-0100][2.813s] GC(4) Archive regions: 2->2
[2021-12-01T11:03:31.403-0100][2.813s] GC(4) Humongous regions: 4->4
[2021-12-01T11:03:31.403-0100][2.813s] GC(4) Metaspace: 34806K(35840K)->34806K(35840K) NonClass: 30767K(31616K)->30767K(31616K) Class: 4039K(4224K)->4039K(4224K)
[2021-12-01T11:03:31.403-0100][2.813s] GC(4) Pause Young (Concurrent Start) (Metadata GC Threshold) 123M->29M(512M) 4.921ms
[2021-12-01T11:03:31.403-0100][2.813s] GC(4) User=0.03s Sys=0.00s Real=0.01s
[2021-12-01T11:03:31.403-0100][2.813s] GC(5) Concurrent Cycle
[2021-12-01T11:03:31.403-0100][2.813s] GC(5) Concurrent Clear Claimed Marks
[2021-12-01T11:03:31.403-0100][2.813s] GC(5) Concurrent Clear Claimed Marks 0.016ms
[2021-12-01T11:03:31.403-0100][2.813s] GC(5) Concurrent Scan Root Regions
[2021-12-01T11:03:31.405-0100][2.816s] GC(5) Concurrent Scan Root Regions 2.030ms
[2021-12-01T11:03:31.405-0100][2.816s] GC(5) Concurrent Mark (2.816s)
[2021-12-01T11:03:31.405-0100][2.816s] GC(5) Concurrent Mark From Roots
[2021-12-01T11:03:31.405-0100][2.816s] GC(5) Using 3 workers of 3 for marking
[2021-12-01T11:03:31.410-0100][2.821s] GC(5) Concurrent Mark From Roots 5.010ms
[2021-12-01T11:03:31.410-0100][2.821s] GC(5) Concurrent Preclean
[2021-12-01T11:03:31.410-0100][2.821s] GC(5) Concurrent Preclean 0.045ms
[2021-12-01T11:03:31.410-0100][2.821s] GC(5) Concurrent Mark (2.816s, 2.821s) 5.130ms
[2021-12-01T11:03:31.411-0100][2.821s] GC(5) Pause Remark
[2021-12-01T11:03:31.412-0100][2.822s] GC(5) Pause Remark 31M->31M(512M) 1.031ms
[2021-12-01T11:03:31.412-0100][2.822s] GC(5) User=0.01s Sys=0.00s Real=0.00s
[2021-12-01T11:03:31.412-0100][2.822s] GC(5) Concurrent Rebuild Remembered Sets
[2021-12-01T11:03:31.415-0100][2.825s] GC(5) Concurrent Rebuild Remembered Sets 2.930ms
[2021-12-01T11:03:31.415-0100][2.825s] GC(5) Pause Cleanup
[2021-12-01T11:03:31.415-0100][2.825s] GC(5) Pause Cleanup 31M->31M(512M) 0.104ms
[2021-12-01T11:03:31.415-0100][2.825s] GC(5) User=0.00s Sys=0.00s Real=0.00s
[2021-12-01T11:03:31.415-0100][2.825s] GC(5) Concurrent Cleanup for Next Mark
[2021-12-01T11:03:31.416-0100][2.826s] GC(5) Concurrent Cleanup for Next Mark 0.600ms
[2021-12-01T11:03:31.416-0100][2.826s] GC(5) Concurrent Cycle 12.511ms
[2021-12-01T11:05:33.327-0100][124.727s] Heap
[2021-12-01T11:05:33.327-0100][124.727s]  garbage-first heap   total 524288K, used 154276K [0x00000007e0000000, 0x0000000800000000)
[2021-12-01T11:05:33.327-0100][124.727s]   region size 1024K, 135 young (138240K), 13 survivors (13312K)
[2021-12-01T11:05:33.327-0100][124.727s]  Metaspace       used 50063K, capacity 50667K, committed 51712K, reserved 1095680K
[2021-12-01T11:05:33.327-0100][124.727s]   class space    used 5907K, capacity 6121K, committed 6144K, reserved 1048576K
