[2021-11-25T16:50:04.357-0100][0.008s] Using G1
[2021-11-25T16:50:04.552-0100][0.203s] Version: 15.0.1+9-18 (release)
[2021-11-25T16:50:04.552-0100][0.203s] CPUs: 12 total, 12 available
[2021-11-25T16:50:04.552-0100][0.203s] Memory: 16384M
[2021-11-25T16:50:04.552-0100][0.203s] Large Page Support: Disabled
[2021-11-25T16:50:04.552-0100][0.203s] NUMA Support: Disabled
[2021-11-25T16:50:04.552-0100][0.203s] Compressed Oops: Enabled (Zero based)
[2021-11-25T16:50:04.552-0100][0.203s] Heap Region Size: 1M
[2021-11-25T16:50:04.552-0100][0.203s] Heap Min Capacity: 512M
[2021-11-25T16:50:04.552-0100][0.203s] Heap Initial Capacity: 512M
[2021-11-25T16:50:04.552-0100][0.203s] Heap Max Capacity: 512M
[2021-11-25T16:50:04.552-0100][0.203s] Pre-touch: Enabled
[2021-11-25T16:50:04.552-0100][0.203s] Parallel Workers: 10
[2021-11-25T16:50:04.552-0100][0.203s] Concurrent Workers: 3
[2021-11-25T16:50:04.552-0100][0.203s] Concurrent Refinement Workers: 10
[2021-11-25T16:50:04.552-0100][0.203s] Periodic GC: Disabled
[2021-11-25T16:50:04.553-0100][0.204s] Mark closed archive regions in map: [0x00000007fff00000, 0x00000007fff78ff8]
[2021-11-25T16:50:04.553-0100][0.204s] Mark open archive regions in map: [0x00000007ffe00000, 0x00000007ffe50ff8]
[2021-11-25T16:50:04.553-0100][0.204s] CDS archive(s) mapped at: [0x0000000800000000-0x0000000800b2c000-0x0000000800b2c000), size 11714560, SharedBaseAddress: 0x0000000800000000, ArchiveRelocationMode: 0.
[2021-11-25T16:50:04.553-0100][0.204s] Compressed class space mapped at: 0x0000000800b2c000-0x0000000840b2c000, size: 1073741824
[2021-11-25T16:50:04.553-0100][0.204s] Narrow klass base: 0x0000000800000000, Narrow klass shift: 3, Narrow klass range: 0x100000000
[2021-11-25T16:50:04.925-0100][0.576s] GC(0) Pause Young (Normal) (G1 Evacuation Pause)
[2021-11-25T16:50:04.925-0100][0.576s] GC(0) Using 10 workers of 10 for evacuation
[2021-11-25T16:50:04.927-0100][0.578s] GC(0)   Pre Evacuate Collection Set: 0.1ms
[2021-11-25T16:50:04.927-0100][0.578s] GC(0)   Merge Heap Roots: 0.1ms
[2021-11-25T16:50:04.927-0100][0.578s] GC(0)   Evacuate Collection Set: 1.3ms
[2021-11-25T16:50:04.927-0100][0.578s] GC(0)   Post Evacuate Collection Set: 0.4ms
[2021-11-25T16:50:04.927-0100][0.578s] GC(0)   Other: 0.8ms
[2021-11-25T16:50:04.927-0100][0.578s] GC(0) Eden regions: 29->0(55)
[2021-11-25T16:50:04.928-0100][0.578s] GC(0) Survivor regions: 0->4(4)
[2021-11-25T16:50:04.928-0100][0.578s] GC(0) Old regions: 0->0
[2021-11-25T16:50:04.928-0100][0.579s] GC(0) Archive regions: 2->2
[2021-11-25T16:50:04.928-0100][0.579s] GC(0) Humongous regions: 0->0
[2021-11-25T16:50:04.928-0100][0.579s] GC(0) Metaspace: 6956K(8064K)->6956K(8064K) NonClass: 6144K(7168K)->6144K(7168K) Class: 811K(896K)->811K(896K)
[2021-11-25T16:50:04.928-0100][0.579s] GC(0) Pause Young (Normal) (G1 Evacuation Pause) 29M->3M(512M) 2.815ms
[2021-11-25T16:50:04.928-0100][0.579s] GC(0) User=0.02s Sys=0.00s Real=0.00s
[2021-11-25T16:50:05.479-0100][1.130s] GC(1) Pause Young (Normal) (G1 Evacuation Pause)
[2021-11-25T16:50:05.479-0100][1.130s] GC(1) Using 10 workers of 10 for evacuation
[2021-11-25T16:50:05.484-0100][1.135s] GC(1)   Pre Evacuate Collection Set: 0.1ms
[2021-11-25T16:50:05.484-0100][1.135s] GC(1)   Merge Heap Roots: 0.1ms
[2021-11-25T16:50:05.484-0100][1.135s] GC(1)   Evacuate Collection Set: 5.0ms
[2021-11-25T16:50:05.484-0100][1.135s] GC(1)   Post Evacuate Collection Set: 0.5ms
[2021-11-25T16:50:05.484-0100][1.135s] GC(1)   Other: 0.1ms
[2021-11-25T16:50:05.484-0100][1.135s] GC(1) Eden regions: 55->0(76)
[2021-11-25T16:50:05.484-0100][1.135s] GC(1) Survivor regions: 4->8(8)
[2021-11-25T16:50:05.484-0100][1.135s] GC(1) Old regions: 0->11
[2021-11-25T16:50:05.485-0100][1.135s] GC(1) Archive regions: 2->2
[2021-11-25T16:50:05.485-0100][1.135s] GC(1) Humongous regions: 4->4
[2021-11-25T16:50:05.485-0100][1.135s] GC(1) Metaspace: 16805K(17536K)->16805K(17536K) NonClass: 14854K(15360K)->14854K(15360K) Class: 1951K(2176K)->1951K(2176K)
[2021-11-25T16:50:05.485-0100][1.136s] GC(1) Pause Young (Normal) (G1 Evacuation Pause) 62M->23M(512M) 5.925ms
[2021-11-25T16:50:05.485-0100][1.136s] GC(1) User=0.05s Sys=0.01s Real=0.01s
[2021-11-25T16:50:05.618-0100][1.269s] GC(2) Pause Young (Concurrent Start) (Metadata GC Threshold)
[2021-11-25T16:50:05.618-0100][1.269s] GC(2) Using 10 workers of 10 for evacuation
[2021-11-25T16:50:05.623-0100][1.274s] GC(2)   Pre Evacuate Collection Set: 0.1ms
[2021-11-25T16:50:05.623-0100][1.274s] GC(2)   Merge Heap Roots: 0.1ms
[2021-11-25T16:50:05.623-0100][1.274s] GC(2)   Evacuate Collection Set: 4.2ms
[2021-11-25T16:50:05.623-0100][1.274s] GC(2)   Post Evacuate Collection Set: 0.3ms
[2021-11-25T16:50:05.623-0100][1.274s] GC(2)   Other: 0.2ms
[2021-11-25T16:50:05.623-0100][1.274s] GC(2) Eden regions: 21->0(133)
[2021-11-25T16:50:05.623-0100][1.274s] GC(2) Survivor regions: 8->2(11)
[2021-11-25T16:50:05.623-0100][1.274s] GC(2) Old regions: 11->19
[2021-11-25T16:50:05.623-0100][1.274s] GC(2) Archive regions: 2->2
[2021-11-25T16:50:05.623-0100][1.274s] GC(2) Humongous regions: 4->4
[2021-11-25T16:50:05.623-0100][1.274s] GC(2) Metaspace: 20451K(21248K)->20451K(21248K) NonClass: 18144K(18688K)->18144K(18688K) Class: 2307K(2560K)->2307K(2560K)
[2021-11-25T16:50:05.623-0100][1.274s] GC(2) Pause Young (Concurrent Start) (Metadata GC Threshold) 44M->24M(512M) 4.959ms
[2021-11-25T16:50:05.623-0100][1.274s] GC(2) User=0.04s Sys=0.00s Real=0.01s
[2021-11-25T16:50:05.623-0100][1.274s] GC(3) Concurrent Cycle
[2021-11-25T16:50:05.624-0100][1.274s] GC(3) Concurrent Clear Claimed Marks
[2021-11-25T16:50:05.624-0100][1.275s] GC(3) Concurrent Clear Claimed Marks 0.016ms
[2021-11-25T16:50:05.624-0100][1.275s] GC(3) Concurrent Scan Root Regions
[2021-11-25T16:50:05.625-0100][1.276s] GC(3) Concurrent Scan Root Regions 1.415ms
[2021-11-25T16:50:05.625-0100][1.276s] GC(3) Concurrent Mark (1.276s)
[2021-11-25T16:50:05.625-0100][1.276s] GC(3) Concurrent Mark From Roots
[2021-11-25T16:50:05.625-0100][1.276s] GC(3) Using 3 workers of 3 for marking
[2021-11-25T16:50:05.629-0100][1.280s] GC(3) Concurrent Mark From Roots 4.297ms
[2021-11-25T16:50:05.629-0100][1.280s] GC(3) Concurrent Preclean
[2021-11-25T16:50:05.629-0100][1.280s] GC(3) Concurrent Preclean 0.072ms
[2021-11-25T16:50:05.629-0100][1.280s] GC(3) Concurrent Mark (1.276s, 1.280s) 4.418ms
[2021-11-25T16:50:05.629-0100][1.280s] GC(3) Pause Remark
[2021-11-25T16:50:05.630-0100][1.281s] GC(3) Pause Remark 25M->25M(512M) 0.910ms
[2021-11-25T16:50:05.630-0100][1.281s] GC(3) User=0.01s Sys=0.00s Real=0.01s
[2021-11-25T16:50:05.630-0100][1.281s] GC(3) Concurrent Rebuild Remembered Sets
[2021-11-25T16:50:05.635-0100][1.286s] GC(3) Concurrent Rebuild Remembered Sets 4.096ms
[2021-11-25T16:50:05.635-0100][1.286s] GC(3) Pause Cleanup
[2021-11-25T16:50:05.635-0100][1.286s] GC(3) Pause Cleanup 26M->26M(512M) 0.099ms
[2021-11-25T16:50:05.635-0100][1.286s] GC(3) User=0.00s Sys=0.00s Real=0.00s
[2021-11-25T16:50:05.635-0100][1.286s] GC(3) Concurrent Cleanup for Next Mark
[2021-11-25T16:50:05.636-0100][1.287s] GC(3) Concurrent Cleanup for Next Mark 0.739ms
[2021-11-25T16:50:05.636-0100][1.287s] GC(3) Concurrent Cycle 12.284ms
[2021-11-25T16:50:06.454-0100][2.105s] GC(4) Pause Young (Concurrent Start) (Metadata GC Threshold)
[2021-11-25T16:50:06.454-0100][2.105s] GC(4) Using 10 workers of 10 for evacuation
[2021-11-25T16:50:06.458-0100][2.109s] GC(4)   Pre Evacuate Collection Set: 0.1ms
[2021-11-25T16:50:06.458-0100][2.109s] GC(4)   Merge Heap Roots: 0.1ms
[2021-11-25T16:50:06.458-0100][2.109s] GC(4)   Evacuate Collection Set: 2.9ms
[2021-11-25T16:50:06.458-0100][2.109s] GC(4)   Post Evacuate Collection Set: 0.5ms
[2021-11-25T16:50:06.458-0100][2.109s] GC(4)   Other: 0.1ms
[2021-11-25T16:50:06.458-0100][2.109s] GC(4) Eden regions: 79->0(301)
[2021-11-25T16:50:06.458-0100][2.109s] GC(4) Survivor regions: 2->6(17)
[2021-11-25T16:50:06.458-0100][2.109s] GC(4) Old regions: 19->19
[2021-11-25T16:50:06.458-0100][2.109s] GC(4) Archive regions: 2->2
[2021-11-25T16:50:06.458-0100][2.109s] GC(4) Humongous regions: 4->4
[2021-11-25T16:50:06.458-0100][2.109s] GC(4) Metaspace: 34755K(35840K)->34755K(35840K) NonClass: 30716K(31616K)->30716K(31616K) Class: 4039K(4224K)->4039K(4224K)
[2021-11-25T16:50:06.458-0100][2.109s] GC(4) Pause Young (Concurrent Start) (Metadata GC Threshold) 103M->29M(512M) 3.779ms
[2021-11-25T16:50:06.458-0100][2.109s] GC(4) User=0.04s Sys=0.00s Real=0.00s
[2021-11-25T16:50:06.458-0100][2.109s] GC(5) Concurrent Cycle
[2021-11-25T16:50:06.458-0100][2.109s] GC(5) Concurrent Clear Claimed Marks
[2021-11-25T16:50:06.458-0100][2.109s] GC(5) Concurrent Clear Claimed Marks 0.020ms
[2021-11-25T16:50:06.458-0100][2.109s] GC(5) Concurrent Scan Root Regions
[2021-11-25T16:50:06.460-0100][2.111s] GC(5) Concurrent Scan Root Regions 1.953ms
[2021-11-25T16:50:06.460-0100][2.111s] GC(5) Concurrent Mark (2.111s)
[2021-11-25T16:50:06.460-0100][2.111s] GC(5) Concurrent Mark From Roots
[2021-11-25T16:50:06.460-0100][2.111s] GC(5) Using 3 workers of 3 for marking
[2021-11-25T16:50:06.468-0100][2.119s] GC(5) Concurrent Mark From Roots 7.606ms
[2021-11-25T16:50:06.468-0100][2.119s] GC(5) Concurrent Preclean
[2021-11-25T16:50:06.468-0100][2.119s] GC(5) Concurrent Preclean 0.079ms
[2021-11-25T16:50:06.468-0100][2.119s] GC(5) Concurrent Mark (2.111s, 2.119s) 7.742ms
[2021-11-25T16:50:06.468-0100][2.119s] GC(5) Pause Remark
[2021-11-25T16:50:06.469-0100][2.120s] GC(5) Pause Remark 30M->30M(512M) 1.035ms
[2021-11-25T16:50:06.469-0100][2.120s] GC(5) User=0.01s Sys=0.00s Real=0.00s
[2021-11-25T16:50:06.469-0100][2.120s] GC(5) Concurrent Rebuild Remembered Sets
[2021-11-25T16:50:06.474-0100][2.125s] GC(5) Concurrent Rebuild Remembered Sets 4.908ms
[2021-11-25T16:50:06.474-0100][2.125s] GC(5) Pause Cleanup
[2021-11-25T16:50:06.474-0100][2.125s] GC(5) Pause Cleanup 33M->33M(512M) 0.118ms
[2021-11-25T16:50:06.475-0100][2.125s] GC(5) User=0.00s Sys=0.00s Real=0.00s
[2021-11-25T16:50:06.475-0100][2.126s] GC(5) Concurrent Cleanup for Next Mark
[2021-11-25T16:50:06.475-0100][2.126s] GC(5) Concurrent Cleanup for Next Mark 0.816ms
[2021-11-25T16:50:06.475-0100][2.126s] GC(5) Concurrent Cycle 17.256ms
[2021-11-25T17:07:53.535-0100][1069.176s] Heap
[2021-11-25T17:07:53.535-0100][1069.177s]  garbage-first heap   total 524288K, used 170112K [0x00000007e0000000, 0x0000000800000000)
[2021-11-25T17:07:53.535-0100][1069.177s]   region size 1024K, 140 young (143360K), 6 survivors (6144K)
[2021-11-25T17:07:53.535-0100][1069.177s]  Metaspace       used 50486K, capacity 51044K, committed 52096K, reserved 1095680K
[2021-11-25T17:07:53.535-0100][1069.177s]   class space    used 5948K, capacity 6162K, committed 6272K, reserved 1048576K
