[2021-11-25T17:08:02.433-0100][0.007s] Using G1
[2021-11-25T17:08:02.633-0100][0.207s] Version: 15.0.1+9-18 (release)
[2021-11-25T17:08:02.633-0100][0.207s] CPUs: 12 total, 12 available
[2021-11-25T17:08:02.633-0100][0.207s] Memory: 16384M
[2021-11-25T17:08:02.633-0100][0.207s] Large Page Support: Disabled
[2021-11-25T17:08:02.633-0100][0.207s] NUMA Support: Disabled
[2021-11-25T17:08:02.633-0100][0.207s] Compressed Oops: Enabled (Zero based)
[2021-11-25T17:08:02.633-0100][0.207s] Heap Region Size: 1M
[2021-11-25T17:08:02.633-0100][0.207s] Heap Min Capacity: 512M
[2021-11-25T17:08:02.633-0100][0.207s] Heap Initial Capacity: 512M
[2021-11-25T17:08:02.633-0100][0.207s] Heap Max Capacity: 512M
[2021-11-25T17:08:02.633-0100][0.207s] Pre-touch: Enabled
[2021-11-25T17:08:02.633-0100][0.207s] Parallel Workers: 10
[2021-11-25T17:08:02.633-0100][0.207s] Concurrent Workers: 3
[2021-11-25T17:08:02.633-0100][0.207s] Concurrent Refinement Workers: 10
[2021-11-25T17:08:02.633-0100][0.207s] Periodic GC: Disabled
[2021-11-25T17:08:02.634-0100][0.208s] Mark closed archive regions in map: [0x00000007fff00000, 0x00000007fff78ff8]
[2021-11-25T17:08:02.634-0100][0.208s] Mark open archive regions in map: [0x00000007ffe00000, 0x00000007ffe50ff8]
[2021-11-25T17:08:02.634-0100][0.208s] CDS archive(s) mapped at: [0x0000000800000000-0x0000000800b2c000-0x0000000800b2c000), size 11714560, SharedBaseAddress: 0x0000000800000000, ArchiveRelocationMode: 0.
[2021-11-25T17:08:02.634-0100][0.208s] Compressed class space mapped at: 0x0000000800b2c000-0x0000000840b2c000, size: 1073741824
[2021-11-25T17:08:02.634-0100][0.208s] Narrow klass base: 0x0000000800000000, Narrow klass shift: 3, Narrow klass range: 0x100000000
[2021-11-25T17:08:03.016-0100][0.590s] GC(0) Pause Young (Normal) (G1 Evacuation Pause)
[2021-11-25T17:08:03.017-0100][0.591s] GC(0) Using 10 workers of 10 for evacuation
[2021-11-25T17:08:03.018-0100][0.592s] GC(0)   Pre Evacuate Collection Set: 0.1ms
[2021-11-25T17:08:03.018-0100][0.592s] GC(0)   Merge Heap Roots: 0.0ms
[2021-11-25T17:08:03.018-0100][0.592s] GC(0)   Evacuate Collection Set: 1.5ms
[2021-11-25T17:08:03.018-0100][0.592s] GC(0)   Post Evacuate Collection Set: 0.3ms
[2021-11-25T17:08:03.018-0100][0.592s] GC(0)   Other: 0.5ms
[2021-11-25T17:08:03.018-0100][0.592s] GC(0) Eden regions: 29->0(55)
[2021-11-25T17:08:03.018-0100][0.592s] GC(0) Survivor regions: 0->4(4)
[2021-11-25T17:08:03.018-0100][0.592s] GC(0) Old regions: 0->0
[2021-11-25T17:08:03.019-0100][0.592s] GC(0) Archive regions: 2->2
[2021-11-25T17:08:03.019-0100][0.592s] GC(0) Humongous regions: 0->0
[2021-11-25T17:08:03.019-0100][0.593s] GC(0) Metaspace: 6952K(8064K)->6952K(8064K) NonClass: 6140K(7168K)->6140K(7168K) Class: 811K(896K)->811K(896K)
[2021-11-25T17:08:03.019-0100][0.593s] GC(0) Pause Young (Normal) (G1 Evacuation Pause) 29M->3M(512M) 2.450ms
[2021-11-25T17:08:03.019-0100][0.593s] GC(0) User=0.02s Sys=0.00s Real=0.00s
[2021-11-25T17:08:03.579-0100][1.153s] GC(1) Pause Young (Normal) (G1 Evacuation Pause)
[2021-11-25T17:08:03.579-0100][1.153s] GC(1) Using 10 workers of 10 for evacuation
[2021-11-25T17:08:03.586-0100][1.160s] GC(1)   Pre Evacuate Collection Set: 0.1ms
[2021-11-25T17:08:03.586-0100][1.160s] GC(1)   Merge Heap Roots: 0.1ms
[2021-11-25T17:08:03.586-0100][1.160s] GC(1)   Evacuate Collection Set: 5.8ms
[2021-11-25T17:08:03.586-0100][1.160s] GC(1)   Post Evacuate Collection Set: 0.6ms
[2021-11-25T17:08:03.586-0100][1.160s] GC(1)   Other: 0.1ms
[2021-11-25T17:08:03.586-0100][1.160s] GC(1) Eden regions: 55->0(76)
[2021-11-25T17:08:03.586-0100][1.160s] GC(1) Survivor regions: 4->8(8)
[2021-11-25T17:08:03.586-0100][1.160s] GC(1) Old regions: 0->11
[2021-11-25T17:08:03.586-0100][1.160s] GC(1) Archive regions: 2->2
[2021-11-25T17:08:03.586-0100][1.160s] GC(1) Humongous regions: 4->4
[2021-11-25T17:08:03.586-0100][1.160s] GC(1) Metaspace: 16545K(17280K)->16545K(17280K) NonClass: 14626K(15104K)->14626K(15104K) Class: 1919K(2176K)->1919K(2176K)
[2021-11-25T17:08:03.586-0100][1.160s] GC(1) Pause Young (Normal) (G1 Evacuation Pause) 62M->23M(512M) 6.901ms
[2021-11-25T17:08:03.586-0100][1.160s] GC(1) User=0.05s Sys=0.01s Real=0.01s
[2021-11-25T17:08:03.756-0100][1.330s] GC(2) Pause Young (Concurrent Start) (Metadata GC Threshold)
[2021-11-25T17:08:03.756-0100][1.330s] GC(2) Using 10 workers of 10 for evacuation
[2021-11-25T17:08:03.760-0100][1.334s] GC(2)   Pre Evacuate Collection Set: 0.1ms
[2021-11-25T17:08:03.760-0100][1.334s] GC(2)   Merge Heap Roots: 0.1ms
[2021-11-25T17:08:03.760-0100][1.334s] GC(2)   Evacuate Collection Set: 3.2ms
[2021-11-25T17:08:03.760-0100][1.334s] GC(2)   Post Evacuate Collection Set: 0.3ms
[2021-11-25T17:08:03.760-0100][1.334s] GC(2)   Other: 0.2ms
[2021-11-25T17:08:03.760-0100][1.334s] GC(2) Eden regions: 24->0(136)
[2021-11-25T17:08:03.760-0100][1.334s] GC(2) Survivor regions: 8->1(11)
[2021-11-25T17:08:03.760-0100][1.334s] GC(2) Old regions: 11->20
[2021-11-25T17:08:03.760-0100][1.334s] GC(2) Archive regions: 2->2
[2021-11-25T17:08:03.760-0100][1.334s] GC(2) Humongous regions: 4->4
[2021-11-25T17:08:03.760-0100][1.334s] GC(2) Metaspace: 20769K(21248K)->20769K(21248K) NonClass: 18434K(18688K)->18434K(18688K) Class: 2335K(2560K)->2335K(2560K)
[2021-11-25T17:08:03.760-0100][1.334s] GC(2) Pause Young (Concurrent Start) (Metadata GC Threshold) 47M->25M(512M) 3.958ms
[2021-11-25T17:08:03.760-0100][1.334s] GC(2) User=0.03s Sys=0.00s Real=0.01s
[2021-11-25T17:08:03.760-0100][1.334s] GC(3) Concurrent Cycle
[2021-11-25T17:08:03.760-0100][1.334s] GC(3) Concurrent Clear Claimed Marks
[2021-11-25T17:08:03.760-0100][1.334s] GC(3) Concurrent Clear Claimed Marks 0.015ms
[2021-11-25T17:08:03.760-0100][1.334s] GC(3) Concurrent Scan Root Regions
[2021-11-25T17:08:03.762-0100][1.336s] GC(3) Concurrent Scan Root Regions 1.308ms
[2021-11-25T17:08:03.762-0100][1.336s] GC(3) Concurrent Mark (1.336s)
[2021-11-25T17:08:03.762-0100][1.336s] GC(3) Concurrent Mark From Roots
[2021-11-25T17:08:03.762-0100][1.336s] GC(3) Using 3 workers of 3 for marking
[2021-11-25T17:08:03.769-0100][1.343s] GC(3) Concurrent Mark From Roots 7.036ms
[2021-11-25T17:08:03.769-0100][1.343s] GC(3) Concurrent Preclean
[2021-11-25T17:08:03.769-0100][1.343s] GC(3) Concurrent Preclean 0.084ms
[2021-11-25T17:08:03.769-0100][1.343s] GC(3) Concurrent Mark (1.336s, 1.343s) 7.175ms
[2021-11-25T17:08:03.769-0100][1.343s] GC(3) Pause Remark
[2021-11-25T17:08:03.770-0100][1.344s] GC(3) Pause Remark 26M->26M(512M) 0.934ms
[2021-11-25T17:08:03.770-0100][1.344s] GC(3) User=0.01s Sys=0.00s Real=0.01s
[2021-11-25T17:08:03.770-0100][1.344s] GC(3) Concurrent Rebuild Remembered Sets
[2021-11-25T17:08:03.774-0100][1.348s] GC(3) Concurrent Rebuild Remembered Sets 4.185ms
[2021-11-25T17:08:03.774-0100][1.348s] GC(3) Pause Cleanup
[2021-11-25T17:08:03.774-0100][1.348s] GC(3) Pause Cleanup 27M->27M(512M) 0.092ms
[2021-11-25T17:08:03.774-0100][1.348s] GC(3) User=0.00s Sys=0.00s Real=0.00s
[2021-11-25T17:08:03.775-0100][1.348s] GC(3) Concurrent Cleanup for Next Mark
[2021-11-25T17:08:03.775-0100][1.349s] GC(3) Concurrent Cleanup for Next Mark 0.649ms
[2021-11-25T17:08:03.775-0100][1.349s] GC(3) Concurrent Cycle 14.989ms
[2021-11-25T17:08:04.684-0100][2.258s] GC(4) Pause Young (Concurrent Start) (Metadata GC Threshold)
[2021-11-25T17:08:04.684-0100][2.258s] GC(4) Using 10 workers of 10 for evacuation
[2021-11-25T17:08:04.687-0100][2.261s] GC(4)   Pre Evacuate Collection Set: 0.1ms
[2021-11-25T17:08:04.687-0100][2.261s] GC(4)   Merge Heap Roots: 0.1ms
[2021-11-25T17:08:04.687-0100][2.261s] GC(4)   Evacuate Collection Set: 2.7ms
[2021-11-25T17:08:04.687-0100][2.261s] GC(4)   Post Evacuate Collection Set: 0.7ms
[2021-11-25T17:08:04.687-0100][2.261s] GC(4)   Other: 0.2ms
[2021-11-25T17:08:04.687-0100][2.261s] GC(4) Eden regions: 94->0(301)
[2021-11-25T17:08:04.687-0100][2.261s] GC(4) Survivor regions: 1->6(18)
[2021-11-25T17:08:04.687-0100][2.261s] GC(4) Old regions: 20->20
[2021-11-25T17:08:04.688-0100][2.261s] GC(4) Archive regions: 2->2
[2021-11-25T17:08:04.688-0100][2.261s] GC(4) Humongous regions: 4->4
[2021-11-25T17:08:04.688-0100][2.261s] GC(4) Metaspace: 35837K(36268K)->35837K(36268K) NonClass: 31663K(31916K)->31663K(31916K) Class: 4174K(4352K)->4174K(4352K)
[2021-11-25T17:08:04.688-0100][2.262s] GC(4) Pause Young (Concurrent Start) (Metadata GC Threshold) 118M->29M(512M) 3.823ms
[2021-11-25T17:08:04.688-0100][2.262s] GC(4) User=0.04s Sys=0.00s Real=0.00s
[2021-11-25T17:08:04.688-0100][2.262s] GC(5) Concurrent Cycle
[2021-11-25T17:08:04.688-0100][2.262s] GC(5) Concurrent Clear Claimed Marks
[2021-11-25T17:08:04.688-0100][2.262s] GC(5) Concurrent Clear Claimed Marks 0.019ms
[2021-11-25T17:08:04.688-0100][2.262s] GC(5) Concurrent Scan Root Regions
[2021-11-25T17:08:04.689-0100][2.263s] GC(5) Concurrent Scan Root Regions 1.667ms
[2021-11-25T17:08:04.689-0100][2.263s] GC(5) Concurrent Mark (2.263s)
[2021-11-25T17:08:04.689-0100][2.263s] GC(5) Concurrent Mark From Roots
[2021-11-25T17:08:04.689-0100][2.263s] GC(5) Using 3 workers of 3 for marking
[2021-11-25T17:08:04.697-0100][2.271s] GC(5) Concurrent Mark From Roots 7.243ms
[2021-11-25T17:08:04.697-0100][2.271s] GC(5) Concurrent Preclean
[2021-11-25T17:08:04.697-0100][2.271s] GC(5) Concurrent Preclean 0.073ms
[2021-11-25T17:08:04.697-0100][2.271s] GC(5) Concurrent Mark (2.263s, 2.271s) 7.364ms
[2021-11-25T17:08:04.697-0100][2.271s] GC(5) Pause Remark
[2021-11-25T17:08:04.698-0100][2.272s] GC(5) Pause Remark 31M->31M(512M) 1.005ms
[2021-11-25T17:08:04.698-0100][2.272s] GC(5) User=0.01s Sys=0.00s Real=0.00s
[2021-11-25T17:08:04.698-0100][2.272s] GC(5) Concurrent Rebuild Remembered Sets
[2021-11-25T17:08:04.703-0100][2.277s] GC(5) Concurrent Rebuild Remembered Sets 5.413ms
[2021-11-25T17:08:04.706-0100][2.280s] GC(5) Pause Cleanup
[2021-11-25T17:08:04.706-0100][2.280s] GC(5) Pause Cleanup 33M->33M(512M) 0.128ms
[2021-11-25T17:08:04.706-0100][2.280s] GC(5) User=0.00s Sys=0.00s Real=0.00s
[2021-11-25T17:08:04.706-0100][2.280s] GC(5) Concurrent Cleanup for Next Mark
[2021-11-25T17:08:04.707-0100][2.281s] GC(5) Concurrent Cleanup for Next Mark 0.738ms
[2021-11-25T17:08:04.707-0100][2.281s] GC(5) Concurrent Cycle 19.235ms
[2021-11-26T22:08:25.878-0100][28436.342s] GC(6) Pause Young (Normal) (G1 Evacuation Pause)
[2021-11-26T22:08:25.884-0100][28436.346s] GC(6) Using 10 workers of 10 for evacuation
[2021-11-26T22:08:25.984-0100][28436.446s] GC(6)   Pre Evacuate Collection Set: 10.1ms
[2021-11-26T22:08:25.984-0100][28436.446s] GC(6)   Merge Heap Roots: 3.6ms
[2021-11-26T22:08:25.984-0100][28436.446s] GC(6)   Evacuate Collection Set: 76.5ms
[2021-11-26T22:08:25.984-0100][28436.446s] GC(6)   Post Evacuate Collection Set: 3.6ms
[2021-11-26T22:08:25.984-0100][28436.446s] GC(6)   Other: 16.7ms
[2021-11-26T22:08:25.984-0100][28436.446s] GC(6) Eden regions: 301->0(292)
[2021-11-26T22:08:25.984-0100][28436.446s] GC(6) Survivor regions: 6->15(39)
[2021-11-26T22:08:25.984-0100][28436.446s] GC(6) Old regions: 20->20
[2021-11-26T22:08:25.984-0100][28436.446s] GC(6) Archive regions: 2->2
[2021-11-26T22:08:25.984-0100][28436.446s] GC(6) Humongous regions: 8->7
[2021-11-26T22:08:25.984-0100][28436.447s] GC(6) Metaspace: 50640K(51372K)->50640K(51372K) NonClass: 44746K(45228K)->44746K(45228K) Class: 5894K(6144K)->5894K(6144K)
[2021-11-26T22:08:25.984-0100][28436.447s] GC(6) Pause Young (Normal) (G1 Evacuation Pause) 334M->42M(512M) 106.690ms
[2021-11-26T22:08:25.984-0100][28436.447s] GC(6) User=0.07s Sys=0.40s Real=0.11s
[2021-11-29T22:42:51.065-0100][70298.302s] GC(7) Pause Young (Normal) (G1 Evacuation Pause)
[2021-11-29T22:42:51.072-0100][70298.307s] GC(7) Using 10 workers of 10 for evacuation
[2021-11-29T22:42:51.146-0100][70298.381s] GC(7)   Pre Evacuate Collection Set: 9.1ms
[2021-11-29T22:42:51.146-0100][70298.381s] GC(7)   Merge Heap Roots: 3.6ms
[2021-11-29T22:42:51.146-0100][70298.382s] GC(7)   Evacuate Collection Set: 52.1ms
[2021-11-29T22:42:51.146-0100][70298.382s] GC(7)   Post Evacuate Collection Set: 4.4ms
[2021-11-29T22:42:51.147-0100][70298.382s] GC(7)   Other: 13.8ms
[2021-11-29T22:42:51.147-0100][70298.382s] GC(7) Eden regions: 292->0(291)
[2021-11-29T22:42:51.147-0100][70298.382s] GC(7) Survivor regions: 15->16(39)
[2021-11-29T22:42:51.147-0100][70298.382s] GC(7) Old regions: 20->20
[2021-11-29T22:42:51.147-0100][70298.382s] GC(7) Archive regions: 2->2
[2021-11-29T22:42:51.147-0100][70298.382s] GC(7) Humongous regions: 7->7
[2021-11-29T22:42:51.147-0100][70298.382s] GC(7) Metaspace: 51569K(52140K)->51569K(52140K) NonClass: 45665K(45996K)->45665K(45996K) Class: 5903K(6144K)->5903K(6144K)
[2021-11-29T22:42:51.147-0100][70298.383s] GC(7) Pause Young (Normal) (G1 Evacuation Pause) 334M->42M(512M) 82.157ms
[2021-11-29T22:42:51.147-0100][70298.383s] GC(7) User=0.06s Sys=0.24s Real=0.08s
[2021-12-01T11:03:09.602-0100][110351.827s] Heap
[2021-12-01T11:03:09.602-0100][110351.827s]  garbage-first heap   total 524288K, used 313812K [0x00000007e0000000, 0x0000000800000000)
[2021-12-01T11:03:09.602-0100][110351.827s]   region size 1024K, 281 young (287744K), 16 survivors (16384K)
[2021-12-01T11:03:09.602-0100][110351.827s]  Metaspace       used 52183K, capacity 52642K, committed 52780K, reserved 1095680K
[2021-12-01T11:03:09.602-0100][110351.827s]   class space    used 5956K, capacity 6161K, committed 6272K, reserved 1048576K
