[2021-11-25T16:26:39.551-0100][0.007s] Using G1
[2021-11-25T16:26:39.751-0100][0.208s] Version: 15.0.1+9-18 (release)
[2021-11-25T16:26:39.751-0100][0.208s] CPUs: 12 total, 12 available
[2021-11-25T16:26:39.752-0100][0.208s] Memory: 16384M
[2021-11-25T16:26:39.752-0100][0.208s] Large Page Support: Disabled
[2021-11-25T16:26:39.752-0100][0.208s] NUMA Support: Disabled
[2021-11-25T16:26:39.752-0100][0.208s] Compressed Oops: Enabled (Zero based)
[2021-11-25T16:26:39.752-0100][0.208s] Heap Region Size: 1M
[2021-11-25T16:26:39.752-0100][0.208s] Heap Min Capacity: 512M
[2021-11-25T16:26:39.752-0100][0.208s] Heap Initial Capacity: 512M
[2021-11-25T16:26:39.752-0100][0.208s] Heap Max Capacity: 512M
[2021-11-25T16:26:39.752-0100][0.208s] Pre-touch: Enabled
[2021-11-25T16:26:39.752-0100][0.208s] Parallel Workers: 10
[2021-11-25T16:26:39.752-0100][0.208s] Concurrent Workers: 3
[2021-11-25T16:26:39.752-0100][0.208s] Concurrent Refinement Workers: 10
[2021-11-25T16:26:39.752-0100][0.208s] Periodic GC: Disabled
[2021-11-25T16:26:39.752-0100][0.208s] Mark closed archive regions in map: [0x00000007fff00000, 0x00000007fff78ff8]
[2021-11-25T16:26:39.752-0100][0.208s] Mark open archive regions in map: [0x00000007ffe00000, 0x00000007ffe50ff8]
[2021-11-25T16:26:39.752-0100][0.209s] CDS archive(s) mapped at: [0x0000000800000000-0x0000000800b2c000-0x0000000800b2c000), size 11714560, SharedBaseAddress: 0x0000000800000000, ArchiveRelocationMode: 0.
[2021-11-25T16:26:39.752-0100][0.209s] Compressed class space mapped at: 0x0000000800b2c000-0x0000000840b2c000, size: 1073741824
[2021-11-25T16:26:39.752-0100][0.209s] Narrow klass base: 0x0000000800000000, Narrow klass shift: 3, Narrow klass range: 0x100000000
[2021-11-25T16:26:40.120-0100][0.576s] GC(0) Pause Young (Normal) (G1 Evacuation Pause)
[2021-11-25T16:26:40.120-0100][0.576s] GC(0) Using 10 workers of 10 for evacuation
[2021-11-25T16:26:40.122-0100][0.578s] GC(0)   Pre Evacuate Collection Set: 0.1ms
[2021-11-25T16:26:40.122-0100][0.578s] GC(0)   Merge Heap Roots: 0.0ms
[2021-11-25T16:26:40.122-0100][0.578s] GC(0)   Evacuate Collection Set: 1.4ms
[2021-11-25T16:26:40.122-0100][0.578s] GC(0)   Post Evacuate Collection Set: 0.5ms
[2021-11-25T16:26:40.122-0100][0.579s] GC(0)   Other: 0.7ms
[2021-11-25T16:26:40.122-0100][0.579s] GC(0) Eden regions: 29->0(55)
[2021-11-25T16:26:40.122-0100][0.579s] GC(0) Survivor regions: 0->4(4)
[2021-11-25T16:26:40.122-0100][0.579s] GC(0) Old regions: 0->0
[2021-11-25T16:26:40.122-0100][0.579s] GC(0) Archive regions: 2->2
[2021-11-25T16:26:40.122-0100][0.579s] GC(0) Humongous regions: 0->0
[2021-11-25T16:26:40.122-0100][0.579s] GC(0) Metaspace: 6911K(8064K)->6911K(8064K) NonClass: 6103K(7168K)->6103K(7168K) Class: 807K(896K)->807K(896K)
[2021-11-25T16:26:40.122-0100][0.579s] GC(0) Pause Young (Normal) (G1 Evacuation Pause) 29M->3M(512M) 2.739ms
[2021-11-25T16:26:40.122-0100][0.579s] GC(0) User=0.02s Sys=0.00s Real=0.00s
[2021-11-25T16:26:40.717-0100][1.173s] GC(1) Pause Young (Normal) (G1 Evacuation Pause)
[2021-11-25T16:26:40.717-0100][1.173s] GC(1) Using 10 workers of 10 for evacuation
[2021-11-25T16:26:40.723-0100][1.179s] GC(1)   Pre Evacuate Collection Set: 0.1ms
[2021-11-25T16:26:40.723-0100][1.179s] GC(1)   Merge Heap Roots: 0.1ms
[2021-11-25T16:26:40.723-0100][1.179s] GC(1)   Evacuate Collection Set: 5.4ms
[2021-11-25T16:26:40.723-0100][1.179s] GC(1)   Post Evacuate Collection Set: 0.6ms
[2021-11-25T16:26:40.723-0100][1.179s] GC(1)   Other: 0.1ms
[2021-11-25T16:26:40.723-0100][1.180s] GC(1) Eden regions: 55->0(77)
[2021-11-25T16:26:40.723-0100][1.180s] GC(1) Survivor regions: 4->8(8)
[2021-11-25T16:26:40.723-0100][1.180s] GC(1) Old regions: 0->11
[2021-11-25T16:26:40.723-0100][1.180s] GC(1) Archive regions: 2->2
[2021-11-25T16:26:40.723-0100][1.180s] GC(1) Humongous regions: 4->4
[2021-11-25T16:26:40.723-0100][1.180s] GC(1) Metaspace: 16813K(17536K)->16813K(17536K) NonClass: 14861K(15360K)->14861K(15360K) Class: 1952K(2176K)->1952K(2176K)
[2021-11-25T16:26:40.723-0100][1.180s] GC(1) Pause Young (Normal) (G1 Evacuation Pause) 62M->23M(512M) 6.381ms
[2021-11-25T16:26:40.723-0100][1.180s] GC(1) User=0.05s Sys=0.00s Real=0.01s
[2021-11-25T16:26:40.855-0100][1.311s] GC(2) Pause Young (Concurrent Start) (Metadata GC Threshold)
[2021-11-25T16:26:40.855-0100][1.311s] GC(2) Using 10 workers of 10 for evacuation
[2021-11-25T16:26:40.859-0100][1.315s] GC(2)   Pre Evacuate Collection Set: 0.1ms
[2021-11-25T16:26:40.859-0100][1.315s] GC(2)   Merge Heap Roots: 0.1ms
[2021-11-25T16:26:40.859-0100][1.315s] GC(2)   Evacuate Collection Set: 2.9ms
[2021-11-25T16:26:40.859-0100][1.315s] GC(2)   Post Evacuate Collection Set: 0.2ms
[2021-11-25T16:26:40.859-0100][1.315s] GC(2)   Other: 0.2ms
[2021-11-25T16:26:40.859-0100][1.315s] GC(2) Eden regions: 22->0(137)
[2021-11-25T16:26:40.859-0100][1.315s] GC(2) Survivor regions: 8->1(11)
[2021-11-25T16:26:40.859-0100][1.315s] GC(2) Old regions: 11->20
[2021-11-25T16:26:40.859-0100][1.315s] GC(2) Archive regions: 2->2
[2021-11-25T16:26:40.859-0100][1.315s] GC(2) Humongous regions: 4->4
[2021-11-25T16:26:40.859-0100][1.315s] GC(2) Metaspace: 20545K(21248K)->20545K(21248K) NonClass: 18229K(18688K)->18229K(18688K) Class: 2316K(2560K)->2316K(2560K)
[2021-11-25T16:26:40.859-0100][1.315s] GC(2) Pause Young (Concurrent Start) (Metadata GC Threshold) 45M->25M(512M) 3.584ms
[2021-11-25T16:26:40.859-0100][1.315s] GC(2) User=0.03s Sys=0.00s Real=0.00s
[2021-11-25T16:26:40.859-0100][1.315s] GC(3) Concurrent Cycle
[2021-11-25T16:26:40.859-0100][1.315s] GC(3) Concurrent Clear Claimed Marks
[2021-11-25T16:26:40.859-0100][1.315s] GC(3) Concurrent Clear Claimed Marks 0.015ms
[2021-11-25T16:26:40.859-0100][1.315s] GC(3) Concurrent Scan Root Regions
[2021-11-25T16:26:40.860-0100][1.316s] GC(3) Concurrent Scan Root Regions 1.219ms
[2021-11-25T16:26:40.860-0100][1.316s] GC(3) Concurrent Mark (1.316s)
[2021-11-25T16:26:40.860-0100][1.316s] GC(3) Concurrent Mark From Roots
[2021-11-25T16:26:40.860-0100][1.316s] GC(3) Using 3 workers of 3 for marking
[2021-11-25T16:26:40.865-0100][1.321s] GC(3) Concurrent Mark From Roots 4.393ms
[2021-11-25T16:26:40.865-0100][1.321s] GC(3) Concurrent Preclean
[2021-11-25T16:26:40.865-0100][1.321s] GC(3) Concurrent Preclean 0.072ms
[2021-11-25T16:26:40.865-0100][1.321s] GC(3) Concurrent Mark (1.316s, 1.321s) 4.516ms
[2021-11-25T16:26:40.865-0100][1.321s] GC(3) Pause Remark
[2021-11-25T16:26:40.866-0100][1.322s] GC(3) Pause Remark 26M->26M(512M) 0.966ms
[2021-11-25T16:26:40.866-0100][1.322s] GC(3) User=0.01s Sys=0.00s Real=0.00s
[2021-11-25T16:26:40.866-0100][1.322s] GC(3) Concurrent Rebuild Remembered Sets
[2021-11-25T16:26:40.870-0100][1.326s] GC(3) Concurrent Rebuild Remembered Sets 4.408ms
[2021-11-25T16:26:40.871-0100][1.327s] GC(3) Pause Cleanup
[2021-11-25T16:26:40.871-0100][1.327s] GC(3) Pause Cleanup 26M->26M(512M) 0.101ms
[2021-11-25T16:26:40.871-0100][1.327s] GC(3) User=0.00s Sys=0.00s Real=0.00s
[2021-11-25T16:26:40.871-0100][1.327s] GC(3) Concurrent Cleanup for Next Mark
[2021-11-25T16:26:40.872-0100][1.328s] GC(3) Concurrent Cleanup for Next Mark 0.757ms
[2021-11-25T16:26:40.872-0100][1.328s] GC(3) Concurrent Cycle 12.629ms
[2021-11-25T16:26:41.710-0100][2.167s] GC(4) Pause Young (Concurrent Start) (Metadata GC Threshold)
[2021-11-25T16:26:41.710-0100][2.167s] GC(4) Using 10 workers of 10 for evacuation
[2021-11-25T16:26:41.714-0100][2.170s] GC(4)   Pre Evacuate Collection Set: 0.1ms
[2021-11-25T16:26:41.714-0100][2.170s] GC(4)   Merge Heap Roots: 0.1ms
[2021-11-25T16:26:41.714-0100][2.170s] GC(4)   Evacuate Collection Set: 2.6ms
[2021-11-25T16:26:41.714-0100][2.170s] GC(4)   Post Evacuate Collection Set: 0.4ms
[2021-11-25T16:26:41.714-0100][2.170s] GC(4)   Other: 0.1ms
[2021-11-25T16:26:41.714-0100][2.170s] GC(4) Eden regions: 83->0(301)
[2021-11-25T16:26:41.714-0100][2.170s] GC(4) Survivor regions: 1->6(18)
[2021-11-25T16:26:41.714-0100][2.170s] GC(4) Old regions: 20->20
[2021-11-25T16:26:41.714-0100][2.170s] GC(4) Archive regions: 2->2
[2021-11-25T16:26:41.714-0100][2.170s] GC(4) Humongous regions: 4->4
[2021-11-25T16:26:41.714-0100][2.170s] GC(4) Metaspace: 34832K(35840K)->34832K(35840K) NonClass: 30783K(31616K)->30783K(31616K) Class: 4049K(4224K)->4049K(4224K)
[2021-11-25T16:26:41.714-0100][2.170s] GC(4) Pause Young (Concurrent Start) (Metadata GC Threshold) 108M->29M(512M) 3.495ms
[2021-11-25T16:26:41.714-0100][2.170s] GC(4) User=0.04s Sys=0.00s Real=0.00s
[2021-11-25T16:26:41.714-0100][2.170s] GC(5) Concurrent Cycle
[2021-11-25T16:26:41.714-0100][2.170s] GC(5) Concurrent Clear Claimed Marks
[2021-11-25T16:26:41.714-0100][2.170s] GC(5) Concurrent Clear Claimed Marks 0.019ms
[2021-11-25T16:26:41.714-0100][2.170s] GC(5) Concurrent Scan Root Regions
[2021-11-25T16:26:41.715-0100][2.172s] GC(5) Concurrent Scan Root Regions 1.404ms
[2021-11-25T16:26:41.715-0100][2.172s] GC(5) Concurrent Mark (2.172s)
[2021-11-25T16:26:41.715-0100][2.172s] GC(5) Concurrent Mark From Roots
[2021-11-25T16:26:41.716-0100][2.172s] GC(5) Using 3 workers of 3 for marking
[2021-11-25T16:26:41.723-0100][2.179s] GC(5) Concurrent Mark From Roots 7.168ms
[2021-11-25T16:26:41.723-0100][2.179s] GC(5) Concurrent Preclean
[2021-11-25T16:26:41.723-0100][2.179s] GC(5) Concurrent Preclean 0.084ms
[2021-11-25T16:26:41.723-0100][2.179s] GC(5) Concurrent Mark (2.172s, 2.179s) 7.306ms
[2021-11-25T16:26:41.723-0100][2.179s] GC(5) Pause Remark
[2021-11-25T16:26:41.724-0100][2.180s] GC(5) Pause Remark 32M->32M(512M) 1.028ms
[2021-11-25T16:26:41.724-0100][2.180s] GC(5) User=0.00s Sys=0.00s Real=0.00s
[2021-11-25T16:26:41.724-0100][2.180s] GC(5) Concurrent Rebuild Remembered Sets
[2021-11-25T16:26:41.728-0100][2.185s] GC(5) Concurrent Rebuild Remembered Sets 4.416ms
[2021-11-25T16:26:41.729-0100][2.185s] GC(5) Pause Cleanup
[2021-11-25T16:26:41.729-0100][2.185s] GC(5) Pause Cleanup 33M->33M(512M) 0.109ms
[2021-11-25T16:26:41.729-0100][2.185s] GC(5) User=0.00s Sys=0.00s Real=0.00s
[2021-11-25T16:26:41.729-0100][2.185s] GC(5) Concurrent Cleanup for Next Mark
[2021-11-25T16:26:41.730-0100][2.186s] GC(5) Concurrent Cleanup for Next Mark 0.754ms
[2021-11-25T16:26:41.730-0100][2.186s] GC(5) Concurrent Cycle 15.657ms
[2021-11-25T16:49:56.865-0100][1397.313s] Heap
[2021-11-25T16:49:56.865-0100][1397.313s]  garbage-first heap   total 524288K, used 160226K [0x00000007e0000000, 0x0000000800000000)
[2021-11-25T16:49:56.865-0100][1397.313s]   region size 1024K, 133 young (136192K), 6 survivors (6144K)
[2021-11-25T16:49:56.865-0100][1397.313s]  Metaspace       used 49932K, capacity 50410K, committed 51532K, reserved 1095680K
[2021-11-25T16:49:56.865-0100][1397.313s]   class space    used 5921K, capacity 6113K, committed 6220K, reserved 1048576K
