[2021-11-25T13:12:43.314-0100][0.007s] Using G1
[2021-11-25T13:12:43.505-0100][0.199s] Version: 15.0.1+9-18 (release)
[2021-11-25T13:12:43.506-0100][0.199s] CPUs: 12 total, 12 available
[2021-11-25T13:12:43.506-0100][0.199s] Memory: 16384M
[2021-11-25T13:12:43.506-0100][0.199s] Large Page Support: Disabled
[2021-11-25T13:12:43.506-0100][0.199s] NUMA Support: Disabled
[2021-11-25T13:12:43.506-0100][0.199s] Compressed Oops: Enabled (Zero based)
[2021-11-25T13:12:43.506-0100][0.199s] Heap Region Size: 1M
[2021-11-25T13:12:43.506-0100][0.199s] Heap Min Capacity: 512M
[2021-11-25T13:12:43.506-0100][0.199s] Heap Initial Capacity: 512M
[2021-11-25T13:12:43.506-0100][0.199s] Heap Max Capacity: 512M
[2021-11-25T13:12:43.506-0100][0.199s] Pre-touch: Enabled
[2021-11-25T13:12:43.506-0100][0.199s] Parallel Workers: 10
[2021-11-25T13:12:43.506-0100][0.199s] Concurrent Workers: 3
[2021-11-25T13:12:43.506-0100][0.199s] Concurrent Refinement Workers: 10
[2021-11-25T13:12:43.506-0100][0.199s] Periodic GC: Disabled
[2021-11-25T13:12:43.506-0100][0.199s] Mark closed archive regions in map: [0x00000007fff00000, 0x00000007fff78ff8]
[2021-11-25T13:12:43.506-0100][0.200s] Mark open archive regions in map: [0x00000007ffe00000, 0x00000007ffe50ff8]
[2021-11-25T13:12:43.506-0100][0.200s] CDS archive(s) mapped at: [0x0000000800000000-0x0000000800b2c000-0x0000000800b2c000), size 11714560, SharedBaseAddress: 0x0000000800000000, ArchiveRelocationMode: 0.
[2021-11-25T13:12:43.506-0100][0.200s] Compressed class space mapped at: 0x0000000800b2c000-0x0000000840b2c000, size: 1073741824
[2021-11-25T13:12:43.506-0100][0.200s] Narrow klass base: 0x0000000800000000, Narrow klass shift: 3, Narrow klass range: 0x100000000
[2021-11-25T13:12:43.892-0100][0.586s] GC(0) Pause Young (Normal) (G1 Evacuation Pause)
[2021-11-25T13:12:43.893-0100][0.587s] GC(0) Using 10 workers of 10 for evacuation
[2021-11-25T13:12:43.896-0100][0.589s] GC(0)   Pre Evacuate Collection Set: 0.1ms
[2021-11-25T13:12:43.896-0100][0.589s] GC(0)   Merge Heap Roots: 0.1ms
[2021-11-25T13:12:43.896-0100][0.589s] GC(0)   Evacuate Collection Set: 1.4ms
[2021-11-25T13:12:43.896-0100][0.589s] GC(0)   Post Evacuate Collection Set: 0.5ms
[2021-11-25T13:12:43.896-0100][0.589s] GC(0)   Other: 1.2ms
[2021-11-25T13:12:43.896-0100][0.589s] GC(0) Eden regions: 29->0(54)
[2021-11-25T13:12:43.896-0100][0.589s] GC(0) Survivor regions: 0->4(4)
[2021-11-25T13:12:43.896-0100][0.589s] GC(0) Old regions: 0->0
[2021-11-25T13:12:43.896-0100][0.589s] GC(0) Archive regions: 2->2
[2021-11-25T13:12:43.896-0100][0.589s] GC(0) Humongous regions: 0->0
[2021-11-25T13:12:43.896-0100][0.589s] GC(0) Metaspace: 7080K(8064K)->7080K(8064K) NonClass: 6252K(7168K)->6252K(7168K) Class: 827K(896K)->827K(896K)
[2021-11-25T13:12:43.896-0100][0.589s] GC(0) Pause Young (Normal) (G1 Evacuation Pause) 29M->3M(512M) 3.353ms
[2021-11-25T13:12:43.896-0100][0.589s] GC(0) User=0.01s Sys=0.00s Real=0.00s
[2021-11-25T13:12:44.492-0100][1.186s] GC(1) Pause Young (Normal) (G1 Evacuation Pause)
[2021-11-25T13:12:44.492-0100][1.186s] GC(1) Using 10 workers of 10 for evacuation
[2021-11-25T13:12:44.499-0100][1.192s] GC(1)   Pre Evacuate Collection Set: 0.1ms
[2021-11-25T13:12:44.499-0100][1.192s] GC(1)   Merge Heap Roots: 0.1ms
[2021-11-25T13:12:44.499-0100][1.192s] GC(1)   Evacuate Collection Set: 5.5ms
[2021-11-25T13:12:44.499-0100][1.192s] GC(1)   Post Evacuate Collection Set: 0.5ms
[2021-11-25T13:12:44.499-0100][1.192s] GC(1)   Other: 0.1ms
[2021-11-25T13:12:44.499-0100][1.192s] GC(1) Eden regions: 54->0(76)
[2021-11-25T13:12:44.499-0100][1.192s] GC(1) Survivor regions: 4->8(8)
[2021-11-25T13:12:44.499-0100][1.192s] GC(1) Old regions: 0->11
[2021-11-25T13:12:44.499-0100][1.192s] GC(1) Archive regions: 2->2
[2021-11-25T13:12:44.499-0100][1.192s] GC(1) Humongous regions: 4->4
[2021-11-25T13:12:44.499-0100][1.192s] GC(1) Metaspace: 16511K(17280K)->16511K(17280K) NonClass: 14594K(15104K)->14594K(15104K) Class: 1916K(2176K)->1916K(2176K)
[2021-11-25T13:12:44.499-0100][1.192s] GC(1) Pause Young (Normal) (G1 Evacuation Pause) 61M->23M(512M) 6.388ms
[2021-11-25T13:12:44.499-0100][1.192s] GC(1) User=0.05s Sys=0.00s Real=0.00s
[2021-11-25T13:12:44.653-0100][1.346s] GC(2) Pause Young (Concurrent Start) (Metadata GC Threshold)
[2021-11-25T13:12:44.653-0100][1.346s] GC(2) Using 10 workers of 10 for evacuation
[2021-11-25T13:12:44.656-0100][1.349s] GC(2)   Pre Evacuate Collection Set: 0.1ms
[2021-11-25T13:12:44.656-0100][1.349s] GC(2)   Merge Heap Roots: 0.1ms
[2021-11-25T13:12:44.656-0100][1.349s] GC(2)   Evacuate Collection Set: 2.8ms
[2021-11-25T13:12:44.656-0100][1.349s] GC(2)   Post Evacuate Collection Set: 0.3ms
[2021-11-25T13:12:44.656-0100][1.349s] GC(2)   Other: 0.2ms
[2021-11-25T13:12:44.656-0100][1.349s] GC(2) Eden regions: 24->0(134)
[2021-11-25T13:12:44.656-0100][1.349s] GC(2) Survivor regions: 8->1(11)
[2021-11-25T13:12:44.656-0100][1.349s] GC(2) Old regions: 11->19
[2021-11-25T13:12:44.656-0100][1.349s] GC(2) Archive regions: 2->2
[2021-11-25T13:12:44.656-0100][1.349s] GC(2) Humongous regions: 4->4
[2021-11-25T13:12:44.656-0100][1.349s] GC(2) Metaspace: 20825K(21248K)->20825K(21248K) NonClass: 18486K(18688K)->18486K(18688K) Class: 2338K(2560K)->2338K(2560K)
[2021-11-25T13:12:44.656-0100][1.349s] GC(2) Pause Young (Concurrent Start) (Metadata GC Threshold) 46M->24M(512M) 3.522ms
[2021-11-25T13:12:44.656-0100][1.349s] GC(2) User=0.03s Sys=0.00s Real=0.00s
[2021-11-25T13:12:44.656-0100][1.349s] GC(3) Concurrent Cycle
[2021-11-25T13:12:44.656-0100][1.349s] GC(3) Concurrent Clear Claimed Marks
[2021-11-25T13:12:44.656-0100][1.350s] GC(3) Concurrent Clear Claimed Marks 0.017ms
[2021-11-25T13:12:44.656-0100][1.350s] GC(3) Concurrent Scan Root Regions
[2021-11-25T13:12:44.658-0100][1.351s] GC(3) Concurrent Scan Root Regions 1.529ms
[2021-11-25T13:12:44.658-0100][1.351s] GC(3) Concurrent Mark (1.351s)
[2021-11-25T13:12:44.658-0100][1.351s] GC(3) Concurrent Mark From Roots
[2021-11-25T13:12:44.658-0100][1.351s] GC(3) Using 3 workers of 3 for marking
[2021-11-25T13:12:44.665-0100][1.358s] GC(3) Concurrent Mark From Roots 6.621ms
[2021-11-25T13:12:44.665-0100][1.358s] GC(3) Concurrent Preclean
[2021-11-25T13:12:44.665-0100][1.358s] GC(3) Concurrent Preclean 0.085ms
[2021-11-25T13:12:44.665-0100][1.358s] GC(3) Concurrent Mark (1.351s, 1.358s) 6.764ms
[2021-11-25T13:12:44.665-0100][1.358s] GC(3) Pause Remark
[2021-11-25T13:12:44.666-0100][1.359s] GC(3) Pause Remark 26M->26M(512M) 0.961ms
[2021-11-25T13:12:44.666-0100][1.359s] GC(3) User=0.01s Sys=0.00s Real=0.00s
[2021-11-25T13:12:44.666-0100][1.359s] GC(3) Concurrent Rebuild Remembered Sets
[2021-11-25T13:12:44.671-0100][1.364s] GC(3) Concurrent Rebuild Remembered Sets 4.833ms
[2021-11-25T13:12:44.671-0100][1.364s] GC(3) Pause Cleanup
[2021-11-25T13:12:44.671-0100][1.364s] GC(3) Pause Cleanup 26M->26M(512M) 0.089ms
[2021-11-25T13:12:44.671-0100][1.364s] GC(3) User=0.01s Sys=0.00s Real=0.00s
[2021-11-25T13:12:44.671-0100][1.364s] GC(3) Concurrent Cleanup for Next Mark
[2021-11-25T13:12:44.672-0100][1.365s] GC(3) Concurrent Cleanup for Next Mark 0.773ms
[2021-11-25T13:12:44.672-0100][1.365s] GC(3) Concurrent Cycle 15.602ms
[2021-11-25T13:16:43.001-0100][239.693s] GC(4) Pause Young (Concurrent Start) (Metadata GC Threshold)
[2021-11-25T13:16:43.001-0100][239.693s] GC(4) Using 10 workers of 10 for evacuation
[2021-11-25T13:16:43.008-0100][239.700s] GC(4)   Pre Evacuate Collection Set: 0.1ms
[2021-11-25T13:16:43.008-0100][239.700s] GC(4)   Merge Heap Roots: 0.1ms
[2021-11-25T13:16:43.008-0100][239.700s] GC(4)   Evacuate Collection Set: 5.5ms
[2021-11-25T13:16:43.008-0100][239.700s] GC(4)   Post Evacuate Collection Set: 0.7ms
[2021-11-25T13:16:43.008-0100][239.700s] GC(4)   Other: 0.2ms
[2021-11-25T13:16:43.008-0100][239.700s] GC(4) Eden regions: 99->0(299)
[2021-11-25T13:16:43.008-0100][239.700s] GC(4) Survivor regions: 1->8(17)
[2021-11-25T13:16:43.008-0100][239.700s] GC(4) Old regions: 19->19
[2021-11-25T13:16:43.008-0100][239.700s] GC(4) Archive regions: 2->2
[2021-11-25T13:16:43.008-0100][239.700s] GC(4) Humongous regions: 4->4
[2021-11-25T13:16:43.008-0100][239.700s] GC(4) Metaspace: 35564K(36224K)->35564K(36224K) NonClass: 31481K(32000K)->31481K(32000K) Class: 4083K(4224K)->4083K(4224K)
[2021-11-25T13:16:43.008-0100][239.700s] GC(4) Pause Young (Concurrent Start) (Metadata GC Threshold) 123M->31M(512M) 6.842ms
[2021-11-25T13:16:43.008-0100][239.700s] GC(4) User=0.03s Sys=0.00s Real=0.00s
[2021-11-25T13:16:43.008-0100][239.700s] GC(5) Concurrent Cycle
[2021-11-25T13:16:43.008-0100][239.700s] GC(5) Concurrent Clear Claimed Marks
[2021-11-25T13:16:43.008-0100][239.700s] GC(5) Concurrent Clear Claimed Marks 0.035ms
[2021-11-25T13:16:43.008-0100][239.700s] GC(5) Concurrent Scan Root Regions
[2021-11-25T13:16:43.011-0100][239.703s] GC(5) Concurrent Scan Root Regions 2.918ms
[2021-11-25T13:16:43.011-0100][239.703s] GC(5) Concurrent Mark (239.703s)
[2021-11-25T13:16:43.011-0100][239.703s] GC(5) Concurrent Mark From Roots
[2021-11-25T13:16:43.011-0100][239.703s] GC(5) Using 3 workers of 3 for marking
[2021-11-25T13:16:43.022-0100][239.714s] GC(5) Concurrent Mark From Roots 11.177ms
[2021-11-25T13:16:43.022-0100][239.714s] GC(5) Concurrent Preclean
[2021-11-25T13:16:43.023-0100][239.714s] GC(5) Concurrent Preclean 0.132ms
[2021-11-25T13:16:43.023-0100][239.714s] GC(5) Concurrent Mark (239.703s, 239.714s) 11.384ms
[2021-11-25T13:16:43.023-0100][239.715s] GC(5) Pause Remark
[2021-11-25T13:16:43.024-0100][239.716s] GC(5) Pause Remark 32M->32M(512M) 1.398ms
[2021-11-25T13:16:43.024-0100][239.716s] GC(5) User=0.01s Sys=0.00s Real=0.00s
[2021-11-25T13:16:43.024-0100][239.716s] GC(5) Concurrent Rebuild Remembered Sets
[2021-11-25T13:16:43.032-0100][239.724s] GC(5) Concurrent Rebuild Remembered Sets 8.051ms
[2021-11-25T13:16:43.034-0100][239.726s] GC(5) Pause Cleanup
[2021-11-25T13:16:43.034-0100][239.726s] GC(5) Pause Cleanup 33M->33M(512M) 0.375ms
[2021-11-25T13:16:43.034-0100][239.726s] GC(5) User=0.01s Sys=0.00s Real=0.00s
[2021-11-25T13:16:43.050-0100][239.742s] GC(5) Concurrent Cleanup for Next Mark
[2021-11-25T13:16:43.053-0100][239.745s] GC(5) Concurrent Cleanup for Next Mark 3.706ms
[2021-11-25T13:16:43.053-0100][239.745s] GC(5) Concurrent Cycle 45.253ms
[2021-11-25T16:26:32.577-0100][4552.891s] Heap
[2021-11-25T16:26:32.577-0100][4552.891s]  garbage-first heap   total 524288K, used 225629K [0x00000007e0000000, 0x0000000800000000)
[2021-11-25T16:26:32.577-0100][4552.891s]   region size 1024K, 195 young (199680K), 8 survivors (8192K)
[2021-11-25T16:26:32.577-0100][4552.891s]  Metaspace       used 52612K, capacity 53154K, committed 53248K, reserved 1095680K
[2021-11-25T16:26:32.577-0100][4552.891s]   class space    used 6154K, capacity 6328K, committed 6400K, reserved 1048576K
