[2021-11-24T12:47:53.628-0100][0.008s] Using G1
[2021-11-24T12:47:53.827-0100][0.207s] Version: 15.0.1+9-18 (release)
[2021-11-24T12:47:53.827-0100][0.207s] CPUs: 12 total, 12 available
[2021-11-24T12:47:53.827-0100][0.207s] Memory: 16384M
[2021-11-24T12:47:53.827-0100][0.207s] Large Page Support: Disabled
[2021-11-24T12:47:53.827-0100][0.207s] NUMA Support: Disabled
[2021-11-24T12:47:53.827-0100][0.207s] Compressed Oops: Enabled (Zero based)
[2021-11-24T12:47:53.827-0100][0.207s] Heap Region Size: 1M
[2021-11-24T12:47:53.827-0100][0.207s] Heap Min Capacity: 512M
[2021-11-24T12:47:53.827-0100][0.207s] Heap Initial Capacity: 512M
[2021-11-24T12:47:53.827-0100][0.207s] Heap Max Capacity: 512M
[2021-11-24T12:47:53.827-0100][0.207s] Pre-touch: Enabled
[2021-11-24T12:47:53.827-0100][0.207s] Parallel Workers: 10
[2021-11-24T12:47:53.827-0100][0.207s] Concurrent Workers: 3
[2021-11-24T12:47:53.827-0100][0.207s] Concurrent Refinement Workers: 10
[2021-11-24T12:47:53.827-0100][0.207s] Periodic GC: Disabled
[2021-11-24T12:47:53.827-0100][0.207s] Mark closed archive regions in map: [0x00000007fff00000, 0x00000007fff78ff8]
[2021-11-24T12:47:53.827-0100][0.207s] Mark open archive regions in map: [0x00000007ffe00000, 0x00000007ffe50ff8]
[2021-11-24T12:47:53.827-0100][0.207s] CDS archive(s) mapped at: [0x0000000800000000-0x0000000800b2c000-0x0000000800b2c000), size 11714560, SharedBaseAddress: 0x0000000800000000, ArchiveRelocationMode: 0.
[2021-11-24T12:47:53.827-0100][0.207s] Compressed class space mapped at: 0x0000000800b2c000-0x0000000840b2c000, size: 1073741824
[2021-11-24T12:47:53.827-0100][0.207s] Narrow klass base: 0x0000000800000000, Narrow klass shift: 3, Narrow klass range: 0x100000000
[2021-11-24T12:47:54.213-0100][0.593s] GC(0) Pause Young (Normal) (G1 Evacuation Pause)
[2021-11-24T12:47:54.214-0100][0.594s] GC(0) Using 10 workers of 10 for evacuation
[2021-11-24T12:47:54.216-0100][0.596s] GC(0)   Pre Evacuate Collection Set: 0.1ms
[2021-11-24T12:47:54.216-0100][0.596s] GC(0)   Merge Heap Roots: 0.0ms
[2021-11-24T12:47:54.216-0100][0.596s] GC(0)   Evacuate Collection Set: 1.3ms
[2021-11-24T12:47:54.216-0100][0.596s] GC(0)   Post Evacuate Collection Set: 0.3ms
[2021-11-24T12:47:54.216-0100][0.596s] GC(0)   Other: 0.6ms
[2021-11-24T12:47:54.216-0100][0.596s] GC(0) Eden regions: 29->0(54)
[2021-11-24T12:47:54.216-0100][0.596s] GC(0) Survivor regions: 0->4(4)
[2021-11-24T12:47:54.216-0100][0.596s] GC(0) Old regions: 0->0
[2021-11-24T12:47:54.216-0100][0.596s] GC(0) Archive regions: 2->2
[2021-11-24T12:47:54.216-0100][0.596s] GC(0) Humongous regions: 0->0
[2021-11-24T12:47:54.216-0100][0.596s] GC(0) Metaspace: 8003K(8448K)->8003K(8448K) NonClass: 7081K(7424K)->7081K(7424K) Class: 922K(1024K)->922K(1024K)
[2021-11-24T12:47:54.216-0100][0.596s] GC(0) Pause Young (Normal) (G1 Evacuation Pause) 29M->4M(512M) 2.401ms
[2021-11-24T12:47:54.216-0100][0.596s] GC(0) User=0.02s Sys=0.00s Real=0.00s
[2021-11-24T12:47:54.751-0100][1.131s] GC(1) Pause Young (Normal) (G1 Evacuation Pause)
[2021-11-24T12:47:54.751-0100][1.131s] GC(1) Using 10 workers of 10 for evacuation
[2021-11-24T12:47:54.757-0100][1.137s] GC(1)   Pre Evacuate Collection Set: 0.1ms
[2021-11-24T12:47:54.757-0100][1.137s] GC(1)   Merge Heap Roots: 0.1ms
[2021-11-24T12:47:54.757-0100][1.137s] GC(1)   Evacuate Collection Set: 5.5ms
[2021-11-24T12:47:54.757-0100][1.137s] GC(1)   Post Evacuate Collection Set: 0.5ms
[2021-11-24T12:47:54.757-0100][1.137s] GC(1)   Other: 0.1ms
[2021-11-24T12:47:54.757-0100][1.137s] GC(1) Eden regions: 54->0(82)
[2021-11-24T12:47:54.757-0100][1.137s] GC(1) Survivor regions: 4->8(8)
[2021-11-24T12:47:54.757-0100][1.137s] GC(1) Old regions: 0->11
[2021-11-24T12:47:54.757-0100][1.137s] GC(1) Archive regions: 2->2
[2021-11-24T12:47:54.757-0100][1.137s] GC(1) Humongous regions: 4->4
[2021-11-24T12:47:54.757-0100][1.137s] GC(1) Metaspace: 16613K(17280K)->16613K(17280K) NonClass: 14685K(15104K)->14685K(15104K) Class: 1928K(2176K)->1928K(2176K)
[2021-11-24T12:47:54.757-0100][1.137s] GC(1) Pause Young (Normal) (G1 Evacuation Pause) 62M->23M(512M) 6.500ms
[2021-11-24T12:47:54.757-0100][1.137s] GC(1) User=0.06s Sys=0.01s Real=0.00s
[2021-11-24T12:47:54.931-0100][1.311s] GC(2) Pause Young (Concurrent Start) (Metadata GC Threshold)
[2021-11-24T12:47:54.931-0100][1.311s] GC(2) Using 10 workers of 10 for evacuation
[2021-11-24T12:47:54.935-0100][1.315s] GC(2)   Pre Evacuate Collection Set: 0.1ms
[2021-11-24T12:47:54.935-0100][1.315s] GC(2)   Merge Heap Roots: 0.1ms
[2021-11-24T12:47:54.935-0100][1.315s] GC(2)   Evacuate Collection Set: 3.1ms
[2021-11-24T12:47:54.935-0100][1.315s] GC(2)   Post Evacuate Collection Set: 0.3ms
[2021-11-24T12:47:54.935-0100][1.315s] GC(2)   Other: 0.2ms
[2021-11-24T12:47:54.935-0100][1.315s] GC(2) Eden regions: 22->0(156)
[2021-11-24T12:47:54.935-0100][1.315s] GC(2) Survivor regions: 8->1(12)
[2021-11-24T12:47:54.935-0100][1.315s] GC(2) Old regions: 11->19
[2021-11-24T12:47:54.935-0100][1.315s] GC(2) Archive regions: 2->2
[2021-11-24T12:47:54.935-0100][1.315s] GC(2) Humongous regions: 4->4
[2021-11-24T12:47:54.935-0100][1.315s] GC(2) Metaspace: 20536K(21248K)->20536K(21248K) NonClass: 18220K(18688K)->18220K(18688K) Class: 2316K(2560K)->2316K(2560K)
[2021-11-24T12:47:54.935-0100][1.315s] GC(2) Pause Young (Concurrent Start) (Metadata GC Threshold) 45M->24M(512M) 3.822ms
[2021-11-24T12:47:54.935-0100][1.315s] GC(2) User=0.03s Sys=0.00s Real=0.00s
[2021-11-24T12:47:54.935-0100][1.315s] GC(3) Concurrent Cycle
[2021-11-24T12:47:54.935-0100][1.315s] GC(3) Concurrent Clear Claimed Marks
[2021-11-24T12:47:54.935-0100][1.315s] GC(3) Concurrent Clear Claimed Marks 0.016ms
[2021-11-24T12:47:54.935-0100][1.315s] GC(3) Concurrent Scan Root Regions
[2021-11-24T12:47:54.936-0100][1.316s] GC(3) Concurrent Scan Root Regions 1.299ms
[2021-11-24T12:47:54.936-0100][1.316s] GC(3) Concurrent Mark (1.316s)
[2021-11-24T12:47:54.936-0100][1.316s] GC(3) Concurrent Mark From Roots
[2021-11-24T12:47:54.936-0100][1.316s] GC(3) Using 3 workers of 3 for marking
[2021-11-24T12:47:54.941-0100][1.321s] GC(3) Concurrent Mark From Roots 4.808ms
[2021-11-24T12:47:54.941-0100][1.321s] GC(3) Concurrent Preclean
[2021-11-24T12:47:54.941-0100][1.321s] GC(3) Concurrent Preclean 0.072ms
[2021-11-24T12:47:54.941-0100][1.321s] GC(3) Concurrent Mark (1.316s, 1.321s) 4.926ms
[2021-11-24T12:47:54.941-0100][1.321s] GC(3) Pause Remark
[2021-11-24T12:47:54.942-0100][1.322s] GC(3) Pause Remark 25M->25M(512M) 0.898ms
[2021-11-24T12:47:54.942-0100][1.322s] GC(3) User=0.01s Sys=0.00s Real=0.00s
[2021-11-24T12:47:54.942-0100][1.322s] GC(3) Concurrent Rebuild Remembered Sets
[2021-11-24T12:47:54.947-0100][1.327s] GC(3) Concurrent Rebuild Remembered Sets 4.582ms
[2021-11-24T12:47:54.947-0100][1.327s] GC(3) Pause Cleanup
[2021-11-24T12:47:54.947-0100][1.327s] GC(3) Pause Cleanup 26M->26M(512M) 0.094ms
[2021-11-24T12:47:54.947-0100][1.327s] GC(3) User=0.00s Sys=0.00s Real=0.00s
[2021-11-24T12:47:54.947-0100][1.327s] GC(3) Concurrent Cleanup for Next Mark
[2021-11-24T12:47:54.948-0100][1.328s] GC(3) Concurrent Cleanup for Next Mark 0.746ms
[2021-11-24T12:47:54.948-0100][1.328s] GC(3) Concurrent Cycle 13.117ms
[2021-11-24T12:47:56.447-0100][2.827s] GC(4) Pause Young (Concurrent Start) (Metadata GC Threshold)
[2021-11-24T12:47:56.447-0100][2.827s] GC(4) Using 10 workers of 10 for evacuation
[2021-11-24T12:47:56.451-0100][2.831s] GC(4)   Pre Evacuate Collection Set: 0.1ms
[2021-11-24T12:47:56.451-0100][2.831s] GC(4)   Merge Heap Roots: 0.1ms
[2021-11-24T12:47:56.451-0100][2.831s] GC(4)   Evacuate Collection Set: 2.9ms
[2021-11-24T12:47:56.451-0100][2.831s] GC(4)   Post Evacuate Collection Set: 0.7ms
[2021-11-24T12:47:56.451-0100][2.831s] GC(4)   Other: 0.2ms
[2021-11-24T12:47:56.451-0100][2.831s] GC(4) Eden regions: 104->0(297)
[2021-11-24T12:47:56.451-0100][2.831s] GC(4) Survivor regions: 1->10(20)
[2021-11-24T12:47:56.451-0100][2.831s] GC(4) Old regions: 19->19
[2021-11-24T12:47:56.451-0100][2.831s] GC(4) Archive regions: 2->2
[2021-11-24T12:47:56.451-0100][2.831s] GC(4) Humongous regions: 4->4
[2021-11-24T12:47:56.451-0100][2.831s] GC(4) Metaspace: 34878K(35840K)->34878K(35840K) NonClass: 30969K(31744K)->30969K(31744K) Class: 3909K(4096K)->3909K(4096K)
[2021-11-24T12:47:56.451-0100][2.831s] GC(4) Pause Young (Concurrent Start) (Metadata GC Threshold) 128M->32M(512M) 4.101ms
[2021-11-24T12:47:56.451-0100][2.831s] GC(4) User=0.03s Sys=0.00s Real=0.01s
[2021-11-24T12:47:56.451-0100][2.831s] GC(5) Concurrent Cycle
[2021-11-24T12:47:56.451-0100][2.831s] GC(5) Concurrent Clear Claimed Marks
[2021-11-24T12:47:56.451-0100][2.831s] GC(5) Concurrent Clear Claimed Marks 0.018ms
[2021-11-24T12:47:56.451-0100][2.831s] GC(5) Concurrent Scan Root Regions
[2021-11-24T12:47:56.453-0100][2.833s] GC(5) Concurrent Scan Root Regions 2.006ms
[2021-11-24T12:47:56.453-0100][2.833s] GC(5) Concurrent Mark (2.833s)
[2021-11-24T12:47:56.453-0100][2.833s] GC(5) Concurrent Mark From Roots
[2021-11-24T12:47:56.453-0100][2.833s] GC(5) Using 3 workers of 3 for marking
[2021-11-24T12:47:56.460-0100][2.840s] GC(5) Concurrent Mark From Roots 6.987ms
[2021-11-24T12:47:56.460-0100][2.840s] GC(5) Concurrent Preclean
[2021-11-24T12:47:56.460-0100][2.840s] GC(5) Concurrent Preclean 0.076ms
[2021-11-24T12:47:56.460-0100][2.840s] GC(5) Concurrent Mark (2.833s, 2.840s) 7.116ms
[2021-11-24T12:47:56.460-0100][2.840s] GC(5) Pause Remark
[2021-11-24T12:47:56.461-0100][2.841s] GC(5) Pause Remark 35M->35M(512M) 0.911ms
[2021-11-24T12:47:56.461-0100][2.841s] GC(5) User=0.00s Sys=0.00s Real=0.00s
[2021-11-24T12:47:56.461-0100][2.841s] GC(5) Concurrent Rebuild Remembered Sets
[2021-11-24T12:47:56.466-0100][2.846s] GC(5) Concurrent Rebuild Remembered Sets 4.788ms
[2021-11-24T12:47:56.466-0100][2.846s] GC(5) Pause Cleanup
[2021-11-24T12:47:56.466-0100][2.846s] GC(5) Pause Cleanup 35M->35M(512M) 0.105ms
[2021-11-24T12:47:56.466-0100][2.846s] GC(5) User=0.00s Sys=0.00s Real=0.00s
[2021-11-24T12:47:56.466-0100][2.846s] GC(5) Concurrent Cleanup for Next Mark
[2021-11-24T12:47:56.467-0100][2.847s] GC(5) Concurrent Cleanup for Next Mark 0.733ms
[2021-11-24T12:47:56.467-0100][2.847s] GC(5) Concurrent Cycle 16.378ms
