[2021-11-24T12:47:58.830-0100][0.007s] Using G1
[2021-11-24T12:47:59.026-0100][0.203s] Version: 15.0.1+9-18 (release)
[2021-11-24T12:47:59.026-0100][0.203s] CPUs: 12 total, 12 available
[2021-11-24T12:47:59.026-0100][0.203s] Memory: 16384M
[2021-11-24T12:47:59.026-0100][0.203s] Large Page Support: Disabled
[2021-11-24T12:47:59.026-0100][0.203s] NUMA Support: Disabled
[2021-11-24T12:47:59.026-0100][0.203s] Compressed Oops: Enabled (Zero based)
[2021-11-24T12:47:59.026-0100][0.203s] Heap Region Size: 1M
[2021-11-24T12:47:59.026-0100][0.203s] Heap Min Capacity: 512M
[2021-11-24T12:47:59.026-0100][0.203s] Heap Initial Capacity: 512M
[2021-11-24T12:47:59.026-0100][0.203s] Heap Max Capacity: 512M
[2021-11-24T12:47:59.026-0100][0.203s] Pre-touch: Enabled
[2021-11-24T12:47:59.026-0100][0.203s] Parallel Workers: 10
[2021-11-24T12:47:59.026-0100][0.203s] Concurrent Workers: 3
[2021-11-24T12:47:59.026-0100][0.203s] Concurrent Refinement Workers: 10
[2021-11-24T12:47:59.026-0100][0.203s] Periodic GC: Disabled
[2021-11-24T12:47:59.026-0100][0.203s] Mark closed archive regions in map: [0x00000007fff00000, 0x00000007fff78ff8]
[2021-11-24T12:47:59.026-0100][0.203s] Mark open archive regions in map: [0x00000007ffe00000, 0x00000007ffe50ff8]
[2021-11-24T12:47:59.026-0100][0.203s] CDS archive(s) mapped at: [0x0000000800000000-0x0000000800b2c000-0x0000000800b2c000), size 11714560, SharedBaseAddress: 0x0000000800000000, ArchiveRelocationMode: 0.
[2021-11-24T12:47:59.026-0100][0.203s] Compressed class space mapped at: 0x0000000800b2c000-0x0000000840b2c000, size: 1073741824
[2021-11-24T12:47:59.026-0100][0.203s] Narrow klass base: 0x0000000800000000, Narrow klass shift: 3, Narrow klass range: 0x100000000
[2021-11-24T12:47:59.395-0100][0.573s] GC(0) Pause Young (Normal) (G1 Evacuation Pause)
[2021-11-24T12:47:59.396-0100][0.573s] GC(0) Using 10 workers of 10 for evacuation
[2021-11-24T12:47:59.398-0100][0.575s] GC(0)   Pre Evacuate Collection Set: 0.1ms
[2021-11-24T12:47:59.398-0100][0.575s] GC(0)   Merge Heap Roots: 0.1ms
[2021-11-24T12:47:59.398-0100][0.575s] GC(0)   Evacuate Collection Set: 1.4ms
[2021-11-24T12:47:59.398-0100][0.575s] GC(0)   Post Evacuate Collection Set: 0.4ms
[2021-11-24T12:47:59.398-0100][0.575s] GC(0)   Other: 0.9ms
[2021-11-24T12:47:59.398-0100][0.575s] GC(0) Eden regions: 29->0(54)
[2021-11-24T12:47:59.398-0100][0.575s] GC(0) Survivor regions: 0->4(4)
[2021-11-24T12:47:59.398-0100][0.575s] GC(0) Old regions: 0->0
[2021-11-24T12:47:59.398-0100][0.575s] GC(0) Archive regions: 2->2
[2021-11-24T12:47:59.398-0100][0.575s] GC(0) Humongous regions: 0->0
[2021-11-24T12:47:59.398-0100][0.575s] GC(0) Metaspace: 8007K(8448K)->8007K(8448K) NonClass: 7084K(7424K)->7084K(7424K) Class: 922K(1024K)->922K(1024K)
[2021-11-24T12:47:59.398-0100][0.575s] GC(0) Pause Young (Normal) (G1 Evacuation Pause) 29M->4M(512M) 2.931ms
[2021-11-24T12:47:59.398-0100][0.575s] GC(0) User=0.01s Sys=0.00s Real=0.00s
[2021-11-24T12:47:59.878-0100][1.055s] GC(1) Pause Young (Normal) (G1 Evacuation Pause)
[2021-11-24T12:47:59.878-0100][1.055s] GC(1) Using 10 workers of 10 for evacuation
[2021-11-24T12:47:59.884-0100][1.061s] GC(1)   Pre Evacuate Collection Set: 0.1ms
[2021-11-24T12:47:59.884-0100][1.061s] GC(1)   Merge Heap Roots: 0.1ms
[2021-11-24T12:47:59.884-0100][1.061s] GC(1)   Evacuate Collection Set: 5.4ms
[2021-11-24T12:47:59.884-0100][1.061s] GC(1)   Post Evacuate Collection Set: 0.7ms
[2021-11-24T12:47:59.884-0100][1.061s] GC(1)   Other: 0.1ms
[2021-11-24T12:47:59.884-0100][1.061s] GC(1) Eden regions: 54->0(82)
[2021-11-24T12:47:59.884-0100][1.061s] GC(1) Survivor regions: 4->8(8)
[2021-11-24T12:47:59.884-0100][1.061s] GC(1) Old regions: 0->12
[2021-11-24T12:47:59.884-0100][1.061s] GC(1) Archive regions: 2->2
[2021-11-24T12:47:59.884-0100][1.061s] GC(1) Humongous regions: 4->4
[2021-11-24T12:47:59.884-0100][1.061s] GC(1) Metaspace: 16625K(17280K)->16625K(17280K) NonClass: 14699K(15104K)->14699K(15104K) Class: 1926K(2176K)->1926K(2176K)
[2021-11-24T12:47:59.884-0100][1.061s] GC(1) Pause Young (Normal) (G1 Evacuation Pause) 62M->23M(512M) 6.524ms
[2021-11-24T12:47:59.884-0100][1.061s] GC(1) User=0.06s Sys=0.01s Real=0.01s
[2021-11-24T12:48:00.192-0100][1.369s] GC(2) Pause Young (Concurrent Start) (Metadata GC Threshold)
[2021-11-24T12:48:00.192-0100][1.369s] GC(2) Using 10 workers of 10 for evacuation
[2021-11-24T12:48:00.195-0100][1.373s] GC(2)   Pre Evacuate Collection Set: 0.1ms
[2021-11-24T12:48:00.195-0100][1.373s] GC(2)   Merge Heap Roots: 0.1ms
[2021-11-24T12:48:00.195-0100][1.373s] GC(2)   Evacuate Collection Set: 2.5ms
[2021-11-24T12:48:00.195-0100][1.373s] GC(2)   Post Evacuate Collection Set: 0.4ms
[2021-11-24T12:48:00.195-0100][1.373s] GC(2)   Other: 0.2ms
[2021-11-24T12:48:00.196-0100][1.373s] GC(2) Eden regions: 22->0(158)
[2021-11-24T12:48:00.196-0100][1.373s] GC(2) Survivor regions: 8->2(10)
[2021-11-24T12:48:00.196-0100][1.373s] GC(2) Old regions: 12->20
[2021-11-24T12:48:00.196-0100][1.373s] GC(2) Archive regions: 2->2
[2021-11-24T12:48:00.196-0100][1.373s] GC(2) Humongous regions: 4->4
[2021-11-24T12:48:00.196-0100][1.373s] GC(2) Metaspace: 20511K(21248K)->20511K(21248K) NonClass: 18161K(18688K)->18161K(18688K) Class: 2349K(2560K)->2349K(2560K)
[2021-11-24T12:48:00.196-0100][1.373s] GC(2) Pause Young (Concurrent Start) (Metadata GC Threshold) 45M->25M(512M) 3.406ms
[2021-11-24T12:48:00.196-0100][1.373s] GC(2) User=0.02s Sys=0.00s Real=0.00s
[2021-11-24T12:48:00.196-0100][1.373s] GC(3) Concurrent Cycle
[2021-11-24T12:48:00.196-0100][1.373s] GC(3) Concurrent Clear Claimed Marks
[2021-11-24T12:48:00.196-0100][1.373s] GC(3) Concurrent Clear Claimed Marks 0.012ms
[2021-11-24T12:48:00.196-0100][1.373s] GC(3) Concurrent Scan Root Regions
[2021-11-24T12:48:00.197-0100][1.374s] GC(3) Concurrent Scan Root Regions 1.244ms
[2021-11-24T12:48:00.197-0100][1.374s] GC(3) Concurrent Mark (1.374s)
[2021-11-24T12:48:00.197-0100][1.374s] GC(3) Concurrent Mark From Roots
[2021-11-24T12:48:00.197-0100][1.374s] GC(3) Using 3 workers of 3 for marking
[2021-11-24T12:48:00.202-0100][1.379s] GC(3) Concurrent Mark From Roots 4.726ms
[2021-11-24T12:48:00.202-0100][1.379s] GC(3) Concurrent Preclean
[2021-11-24T12:48:00.202-0100][1.379s] GC(3) Concurrent Preclean 0.068ms
[2021-11-24T12:48:00.202-0100][1.379s] GC(3) Concurrent Mark (1.374s, 1.379s) 4.877ms
[2021-11-24T12:48:00.202-0100][1.379s] GC(3) Pause Remark
[2021-11-24T12:48:00.203-0100][1.380s] GC(3) Pause Remark 26M->26M(512M) 1.093ms
[2021-11-24T12:48:00.203-0100][1.380s] GC(3) User=0.01s Sys=0.00s Real=0.00s
[2021-11-24T12:48:00.203-0100][1.381s] GC(3) Concurrent Rebuild Remembered Sets
[2021-11-24T12:48:00.207-0100][1.384s] GC(3) Concurrent Rebuild Remembered Sets 3.289ms
[2021-11-24T12:48:00.207-0100][1.384s] GC(3) Pause Cleanup
[2021-11-24T12:48:00.207-0100][1.384s] GC(3) Pause Cleanup 27M->27M(512M) 0.123ms
[2021-11-24T12:48:00.207-0100][1.384s] GC(3) User=0.00s Sys=0.00s Real=0.00s
[2021-11-24T12:48:00.207-0100][1.384s] GC(3) Concurrent Cleanup for Next Mark
[2021-11-24T12:48:00.208-0100][1.385s] GC(3) Concurrent Cleanup for Next Mark 0.653ms
[2021-11-24T12:48:00.208-0100][1.385s] GC(3) Concurrent Cycle 12.092ms
[2021-11-24T12:48:01.175-0100][2.352s] GC(4) Pause Young (Concurrent Start) (Metadata GC Threshold)
[2021-11-24T12:48:01.175-0100][2.352s] GC(4) Using 10 workers of 10 for evacuation
[2021-11-24T12:48:01.179-0100][2.356s] GC(4)   Pre Evacuate Collection Set: 0.1ms
[2021-11-24T12:48:01.179-0100][2.356s] GC(4)   Merge Heap Roots: 0.1ms
[2021-11-24T12:48:01.179-0100][2.356s] GC(4)   Evacuate Collection Set: 3.1ms
[2021-11-24T12:48:01.179-0100][2.356s] GC(4)   Post Evacuate Collection Set: 0.5ms
[2021-11-24T12:48:01.179-0100][2.356s] GC(4)   Other: 0.2ms
[2021-11-24T12:48:01.179-0100][2.356s] GC(4) Eden regions: 86->0(300)
[2021-11-24T12:48:01.179-0100][2.356s] GC(4) Survivor regions: 2->7(20)
[2021-11-24T12:48:01.179-0100][2.356s] GC(4) Old regions: 20->20
[2021-11-24T12:48:01.179-0100][2.356s] GC(4) Archive regions: 2->2
[2021-11-24T12:48:01.179-0100][2.356s] GC(4) Humongous regions: 4->4
[2021-11-24T12:48:01.179-0100][2.356s] GC(4) Metaspace: 35079K(36224K)->35079K(36224K) NonClass: 31121K(32000K)->31121K(32000K) Class: 3958K(4224K)->3958K(4224K)
[2021-11-24T12:48:01.179-0100][2.357s] GC(4) Pause Young (Concurrent Start) (Metadata GC Threshold) 111M->31M(512M) 4.135ms
[2021-11-24T12:48:01.179-0100][2.357s] GC(4) User=0.03s Sys=0.00s Real=0.00s
[2021-11-24T12:48:01.179-0100][2.357s] GC(5) Concurrent Cycle
[2021-11-24T12:48:01.179-0100][2.357s] GC(5) Concurrent Clear Claimed Marks
[2021-11-24T12:48:01.179-0100][2.357s] GC(5) Concurrent Clear Claimed Marks 0.018ms
[2021-11-24T12:48:01.179-0100][2.357s] GC(5) Concurrent Scan Root Regions
[2021-11-24T12:48:01.182-0100][2.359s] GC(5) Concurrent Scan Root Regions 2.182ms
[2021-11-24T12:48:01.182-0100][2.359s] GC(5) Concurrent Mark (2.359s)
[2021-11-24T12:48:01.182-0100][2.359s] GC(5) Concurrent Mark From Roots
[2021-11-24T12:48:01.182-0100][2.359s] GC(5) Using 3 workers of 3 for marking
[2021-11-24T12:48:01.191-0100][2.368s] GC(5) Concurrent Mark From Roots 9.323ms
[2021-11-24T12:48:01.191-0100][2.368s] GC(5) Concurrent Preclean
[2021-11-24T12:48:01.191-0100][2.368s] GC(5) Concurrent Preclean 0.080ms
[2021-11-24T12:48:01.191-0100][2.368s] GC(5) Concurrent Mark (2.359s, 2.368s) 9.457ms
[2021-11-24T12:48:01.191-0100][2.368s] GC(5) Pause Remark
[2021-11-24T12:48:01.192-0100][2.369s] GC(5) Pause Remark 33M->33M(512M) 0.937ms
[2021-11-24T12:48:01.192-0100][2.369s] GC(5) User=0.01s Sys=0.01s Real=0.00s
[2021-11-24T12:48:01.192-0100][2.369s] GC(5) Concurrent Rebuild Remembered Sets
[2021-11-24T12:48:01.197-0100][2.374s] GC(5) Concurrent Rebuild Remembered Sets 4.847ms
[2021-11-24T12:48:01.197-0100][2.375s] GC(5) Pause Cleanup
[2021-11-24T12:48:01.198-0100][2.375s] GC(5) Pause Cleanup 34M->34M(512M) 0.111ms
[2021-11-24T12:48:01.198-0100][2.375s] GC(5) User=0.00s Sys=0.00s Real=0.00s
[2021-11-24T12:48:01.198-0100][2.375s] GC(5) Concurrent Cleanup for Next Mark
[2021-11-24T12:48:01.198-0100][2.376s] GC(5) Concurrent Cleanup for Next Mark 0.769ms
[2021-11-24T12:48:01.198-0100][2.376s] GC(5) Concurrent Cycle 18.997ms
